0 verbose cli /opt/homebrew/Cellar/node/23.11.0/bin/node /opt/homebrew/bin/npm
1 info using npm@10.9.2
2 info using node@v23.11.0
3 silly config load:file:/opt/homebrew/lib/node_modules/npm/npmrc
4 silly config load:file:/Users/arpitmishra/Desktop/StockTracker/.npmrc
5 silly config load:file:/Users/arpitmishra/.npmrc
6 silly config load:file:/opt/homebrew/etc/npmrc
7 verbose title npm install express cors
8 verbose argv "install" "express" "cors"
9 verbose logfile logs-max:10 dir:/Users/arpitmishra/Desktop/StockTracker/.npm-cache/_logs/2025-11-14T07_34_42_185Z-
10 verbose logfile /Users/arpitmishra/Desktop/StockTracker/.npm-cache/_logs/2025-11-14T07_34_42_185Z-debug-0.log
11 silly logfile done cleaning log files
12 silly packumentCache heap:2197815296 maxSize:549453824 maxEntrySize:274726912
13 silly idealTree buildDeps
14 silly fetch manifest express@*
15 silly packumentCache full:https://registry.npmjs.org/express cache-miss
16 verbose shrinkwrap failed to load node_modules/.package-lock.json out of date, updated: node_modules
17 http fetch GET 200 https://registry.npmjs.org/express 226ms (cache miss)
18 silly packumentCache full:https://registry.npmjs.org/express set size:undefined disposed:false
19 silly fetch manifest cors@*
20 silly packumentCache full:https://registry.npmjs.org/cors cache-miss
21 http fetch GET 200 https://registry.npmjs.org/cors 50ms (cache miss)
22 silly packumentCache full:https://registry.npmjs.org/cors set size:undefined disposed:false
23 silly placeDep ROOT cors@2.8.5 OK for: stocktracker@1.0.0 want: *
24 silly placeDep ROOT express@5.1.0 OK for: stocktracker@1.0.0 want: *
25 silly fetch manifest vary@^1
26 silly packumentCache full:https://registry.npmjs.org/vary cache-miss
27 silly fetch manifest qs@^6.14.0
28 silly packumentCache full:https://registry.npmjs.org/qs cache-miss
29 silly fetch manifest etag@^1.8.1
30 silly packumentCache full:https://registry.npmjs.org/etag cache-miss
31 silly fetch manifest once@^1.4.0
32 silly packumentCache full:https://registry.npmjs.org/once cache-miss
33 silly fetch manifest send@^1.1.0
34 silly packumentCache full:https://registry.npmjs.org/send cache-miss
35 silly fetch manifest vary@^1.1.2
36 silly packumentCache full:https://registry.npmjs.org/vary cache-miss
37 silly fetch manifest fresh@^2.0.0
38 silly packumentCache full:https://registry.npmjs.org/fresh cache-miss
39 http fetch GET 200 https://registry.npmjs.org/qs 74ms (cache miss)
40 silly packumentCache full:https://registry.npmjs.org/qs set size:undefined disposed:false
41 silly fetch manifest cookie@^0.7.1
42 silly packumentCache full:https://registry.npmjs.org/cookie cache-miss
43 http fetch GET 200 https://registry.npmjs.org/cookie 68ms (cache revalidated)
44 silly packumentCache full:https://registry.npmjs.org/cookie set size:67180 disposed:false
45 silly fetch manifest router@^2.2.0
46 silly packumentCache full:https://registry.npmjs.org/router cache-miss
47 http fetch GET 200 https://registry.npmjs.org/vary 201ms (cache miss)
48 silly packumentCache full:https://registry.npmjs.org/vary set size:undefined disposed:false
49 silly fetch manifest accepts@^2.0.0
50 silly packumentCache full:https://registry.npmjs.org/accepts cache-miss
51 http fetch GET 200 https://registry.npmjs.org/etag 203ms (cache miss)
52 silly packumentCache full:https://registry.npmjs.org/etag set size:undefined disposed:false
53 silly fetch manifest type-is@^2.0.1
54 silly packumentCache full:https://registry.npmjs.org/type-is cache-miss
55 http fetch GET 200 https://registry.npmjs.org/vary 206ms (cache miss)
56 silly packumentCache full:https://registry.npmjs.org/vary set size:undefined disposed:false
57 silly fetch manifest parseurl@^1.3.3
58 silly packumentCache full:https://registry.npmjs.org/parseurl cache-miss
59 http fetch GET 200 https://registry.npmjs.org/once 205ms (cache miss)
60 silly packumentCache full:https://registry.npmjs.org/once set size:undefined disposed:false
61 silly fetch manifest statuses@^2.0.1
62 silly packumentCache full:https://registry.npmjs.org/statuses cache-miss
63 http fetch GET 200 https://registry.npmjs.org/router 61ms (cache miss)
64 silly packumentCache full:https://registry.npmjs.org/router set size:undefined disposed:false
65 silly fetch manifest encodeurl@^2.0.0
66 silly packumentCache full:https://registry.npmjs.org/encodeurl cache-miss
67 http fetch GET 200 https://registry.npmjs.org/send 209ms (cache miss)
68 silly packumentCache full:https://registry.npmjs.org/send set size:undefined disposed:false
69 silly fetch manifest mime-types@^3.0.0
70 silly packumentCache full:https://registry.npmjs.org/mime-types cache-miss
71 http fetch GET 200 https://registry.npmjs.org/fresh 221ms (cache miss)
72 silly packumentCache full:https://registry.npmjs.org/fresh set size:undefined disposed:false
73 silly fetch manifest proxy-addr@^2.0.7
74 silly packumentCache full:https://registry.npmjs.org/proxy-addr cache-miss
75 http fetch GET 200 https://registry.npmjs.org/mime-types 42ms (cache revalidated)
76 silly packumentCache full:https://registry.npmjs.org/mime-types set size:136716 disposed:false
77 silly fetch manifest body-parser@^2.2.0
78 silly packumentCache full:https://registry.npmjs.org/body-parser cache-miss
79 http fetch GET 200 https://registry.npmjs.org/parseurl 51ms (cache miss)
80 silly packumentCache full:https://registry.npmjs.org/parseurl set size:undefined disposed:false
81 silly fetch manifest escape-html@^1.0.3
82 silly packumentCache full:https://registry.npmjs.org/escape-html cache-miss
83 http fetch GET 200 https://registry.npmjs.org/accepts 54ms (cache miss)
84 silly packumentCache full:https://registry.npmjs.org/accepts set size:undefined disposed:false
85 silly fetch manifest http-errors@^2.0.0
86 silly packumentCache full:https://registry.npmjs.org/http-errors cache-miss
87 http fetch GET 200 https://registry.npmjs.org/type-is 54ms (cache miss)
88 silly packumentCache full:https://registry.npmjs.org/type-is set size:undefined disposed:false
89 silly fetch manifest on-finished@^2.4.1
90 silly packumentCache full:https://registry.npmjs.org/on-finished cache-miss
91 http fetch GET 200 https://registry.npmjs.org/statuses 54ms (cache miss)
92 silly packumentCache full:https://registry.npmjs.org/statuses set size:undefined disposed:false
93 silly fetch manifest content-type@^1.0.5
94 silly packumentCache full:https://registry.npmjs.org/content-type cache-miss
95 http fetch GET 200 https://registry.npmjs.org/proxy-addr 44ms (cache miss)
96 silly packumentCache full:https://registry.npmjs.org/proxy-addr set size:undefined disposed:false
97 silly fetch manifest finalhandler@^2.1.0
98 silly packumentCache full:https://registry.npmjs.org/finalhandler cache-miss
99 http fetch GET 200 https://registry.npmjs.org/encodeurl 61ms (cache miss)
100 silly packumentCache full:https://registry.npmjs.org/encodeurl set size:undefined disposed:false
101 silly fetch manifest range-parser@^1.2.1
102 silly packumentCache full:https://registry.npmjs.org/range-parser cache-miss
103 http fetch GET 200 https://registry.npmjs.org/on-finished 43ms (cache miss)
104 silly packumentCache full:https://registry.npmjs.org/on-finished set size:undefined disposed:false
105 silly fetch manifest serve-static@^2.2.0
106 silly packumentCache full:https://registry.npmjs.org/serve-static cache-miss
107 http fetch GET 200 https://registry.npmjs.org/http-errors 50ms (cache miss)
108 silly packumentCache full:https://registry.npmjs.org/http-errors set size:undefined disposed:false
109 silly fetch manifest cookie-signature@^1.2.1
110 silly packumentCache full:https://registry.npmjs.org/cookie-signature cache-miss
111 http fetch GET 200 https://registry.npmjs.org/body-parser 55ms (cache miss)
112 silly packumentCache full:https://registry.npmjs.org/body-parser set size:undefined disposed:false
113 silly fetch manifest merge-descriptors@^2.0.0
114 silly packumentCache full:https://registry.npmjs.org/merge-descriptors cache-miss
115 http fetch GET 200 https://registry.npmjs.org/content-type 51ms (cache miss)
116 silly packumentCache full:https://registry.npmjs.org/content-type set size:undefined disposed:false
117 silly fetch manifest content-disposition@^1.0.0
118 silly packumentCache full:https://registry.npmjs.org/content-disposition cache-miss
119 http fetch GET 200 https://registry.npmjs.org/escape-html 66ms (cache miss)
120 silly packumentCache full:https://registry.npmjs.org/escape-html set size:undefined disposed:false
121 http fetch GET 200 https://registry.npmjs.org/range-parser 55ms (cache miss)
122 silly packumentCache full:https://registry.npmjs.org/range-parser set size:undefined disposed:false
123 http fetch GET 200 https://registry.npmjs.org/finalhandler 70ms (cache miss)
124 silly packumentCache full:https://registry.npmjs.org/finalhandler set size:undefined disposed:false
125 http fetch GET 200 https://registry.npmjs.org/serve-static 55ms (cache miss)
126 silly packumentCache full:https://registry.npmjs.org/serve-static set size:undefined disposed:false
127 http fetch GET 200 https://registry.npmjs.org/merge-descriptors 55ms (cache miss)
128 silly packumentCache full:https://registry.npmjs.org/merge-descriptors set size:undefined disposed:false
129 http fetch GET 200 https://registry.npmjs.org/cookie-signature 84ms (cache miss)
130 silly packumentCache full:https://registry.npmjs.org/cookie-signature set size:undefined disposed:false
131 http fetch GET 200 https://registry.npmjs.org/content-disposition 81ms (cache miss)
132 silly packumentCache full:https://registry.npmjs.org/content-disposition set size:undefined disposed:false
133 silly placeDep ROOT vary@1.1.2 OK for: cors@2.8.5 want: ^1
134 silly placeDep ROOT accepts@2.0.0 OK for: express@5.1.0 want: ^2.0.0
135 silly placeDep ROOT body-parser@2.2.0 OK for: express@5.1.0 want: ^2.2.0
136 silly placeDep ROOT content-disposition@1.0.0 OK for: express@5.1.0 want: ^1.0.0
137 silly placeDep ROOT content-type@1.0.5 OK for: express@5.1.0 want: ^1.0.5
138 silly placeDep node_modules/express cookie@0.7.2 OK for: express@5.1.0 want: ^0.7.1
139 silly placeDep ROOT cookie-signature@1.2.2 OK for: express@5.1.0 want: ^1.2.1
140 silly placeDep ROOT encodeurl@2.0.0 OK for: express@5.1.0 want: ^2.0.0
141 silly placeDep ROOT escape-html@1.0.3 OK for: express@5.1.0 want: ^1.0.3
142 silly placeDep ROOT etag@1.8.1 OK for: express@5.1.0 want: ^1.8.1
143 silly placeDep ROOT finalhandler@2.1.0 OK for: express@5.1.0 want: ^2.1.0
144 silly placeDep ROOT fresh@2.0.0 OK for: express@5.1.0 want: ^2.0.0
145 silly placeDep ROOT http-errors@2.0.0 OK for: express@5.1.0 want: ^2.0.0
146 silly placeDep ROOT merge-descriptors@2.0.0 OK for: express@5.1.0 want: ^2.0.0
147 silly placeDep node_modules/express mime-types@3.0.1 OK for: express@5.1.0 want: ^3.0.0
148 silly placeDep ROOT on-finished@2.4.1 OK for: express@5.1.0 want: ^2.4.1
149 silly placeDep ROOT once@1.4.0 OK for: express@5.1.0 want: ^1.4.0
150 silly placeDep ROOT parseurl@1.3.3 OK for: express@5.1.0 want: ^1.3.3
151 silly placeDep ROOT proxy-addr@2.0.7 OK for: express@5.1.0 want: ^2.0.7
152 silly placeDep ROOT qs@6.14.0 OK for: express@5.1.0 want: ^6.14.0
153 silly placeDep ROOT range-parser@1.2.1 OK for: express@5.1.0 want: ^1.2.1
154 silly placeDep ROOT router@2.2.0 OK for: express@5.1.0 want: ^2.2.0
155 silly placeDep ROOT send@1.2.0 OK for: express@5.1.0 want: ^1.1.0
156 silly placeDep ROOT serve-static@2.2.0 OK for: express@5.1.0 want: ^2.2.0
157 silly placeDep ROOT statuses@2.0.2 OK for: express@5.1.0 want: ^2.0.1
158 silly placeDep ROOT type-is@2.0.1 OK for: express@5.1.0 want: ^2.0.1
159 silly fetch manifest negotiator@^1.0.0
160 silly packumentCache full:https://registry.npmjs.org/negotiator cache-miss
161 silly fetch manifest bytes@^3.1.2
162 silly packumentCache full:https://registry.npmjs.org/bytes cache-miss
163 silly fetch manifest type-is@^2.0.0
164 silly packumentCache full:https://registry.npmjs.org/type-is cache-miss
165 silly fetch manifest raw-body@^3.0.0
166 silly packumentCache full:https://registry.npmjs.org/raw-body cache-miss
167 silly fetch manifest iconv-lite@^0.6.3
168 silly packumentCache full:https://registry.npmjs.org/iconv-lite cache-miss
169 silly fetch manifest safe-buffer@5.2.1
170 silly packumentCache full:https://registry.npmjs.org/safe-buffer cache-miss
171 silly fetch manifest depd@2.0.0
172 silly packumentCache full:https://registry.npmjs.org/depd cache-miss
173 http cache https://registry.npmjs.org/type-is 4ms (cache hit)
174 silly packumentCache full:https://registry.npmjs.org/type-is set size:86196 disposed:false
175 silly fetch manifest inherits@2.0.4
176 silly packumentCache full:https://registry.npmjs.org/inherits cache-miss
177 http fetch GET 200 https://registry.npmjs.org/bytes 45ms (cache miss)
178 silly packumentCache full:https://registry.npmjs.org/bytes set size:undefined disposed:false
179 silly fetch manifest statuses@2.0.1
180 silly packumentCache full:https://registry.npmjs.org/statuses cache-miss
181 http cache https://registry.npmjs.org/statuses 4ms (cache hit)
182 silly packumentCache full:https://registry.npmjs.org/statuses set size:37117 disposed:false
183 silly fetch manifest toidentifier@1.0.1
184 silly packumentCache full:https://registry.npmjs.org/toidentifier cache-miss
185 http fetch GET 200 https://registry.npmjs.org/depd 50ms (cache miss)
186 silly packumentCache full:https://registry.npmjs.org/depd set size:undefined disposed:false
187 silly fetch manifest setprototypeof@1.2.0
188 silly packumentCache full:https://registry.npmjs.org/setprototypeof cache-miss
189 http fetch GET 200 https://registry.npmjs.org/safe-buffer 51ms (cache miss)
190 silly packumentCache full:https://registry.npmjs.org/safe-buffer set size:undefined disposed:false
191 silly fetch manifest mime-db@^1.54.0
192 silly packumentCache full:https://registry.npmjs.org/mime-db cache-miss
193 http fetch GET 200 https://registry.npmjs.org/inherits 55ms (cache miss)
194 silly packumentCache full:https://registry.npmjs.org/inherits set size:undefined disposed:false
195 silly fetch manifest ee-first@1.1.1
196 silly packumentCache full:https://registry.npmjs.org/ee-first cache-miss
197 http fetch GET 200 https://registry.npmjs.org/iconv-lite 59ms (cache miss)
198 silly packumentCache full:https://registry.npmjs.org/iconv-lite set size:undefined disposed:false
199 silly fetch manifest wrappy@1
200 silly packumentCache full:https://registry.npmjs.org/wrappy cache-miss
201 http fetch GET 200 https://registry.npmjs.org/negotiator 69ms (cache miss)
202 silly packumentCache full:https://registry.npmjs.org/negotiator set size:undefined disposed:false
203 silly fetch manifest forwarded@0.2.0
204 silly packumentCache full:https://registry.npmjs.org/forwarded cache-miss
205 http fetch GET 200 https://registry.npmjs.org/raw-body 90ms (cache miss)
206 silly packumentCache full:https://registry.npmjs.org/raw-body set size:undefined disposed:false
207 silly fetch manifest ipaddr.js@1.9.1
208 silly packumentCache full:https://registry.npmjs.org/ipaddr.js cache-miss
209 http fetch GET 200 https://registry.npmjs.org/mime-db 45ms (cache revalidated)
210 silly packumentCache full:https://registry.npmjs.org/mime-db set size:164953 disposed:false
211 silly fetch manifest depd@^2.0.0
212 silly packumentCache full:https://registry.npmjs.org/depd cache-miss
213 http fetch GET 200 https://registry.npmjs.org/toidentifier 50ms (cache miss)
214 silly packumentCache full:https://registry.npmjs.org/toidentifier set size:undefined disposed:false
215 silly fetch manifest is-promise@^4.0.0
216 silly packumentCache full:https://registry.npmjs.org/is-promise cache-miss
217 http cache https://registry.npmjs.org/depd 2ms (cache hit)
218 silly packumentCache full:https://registry.npmjs.org/depd set size:40182 disposed:false
219 silly fetch manifest path-to-regexp@^8.0.0
220 silly packumentCache full:https://registry.npmjs.org/path-to-regexp cache-miss
221 http fetch GET 200 https://registry.npmjs.org/setprototypeof 61ms (cache miss)
222 silly packumentCache full:https://registry.npmjs.org/setprototypeof set size:undefined disposed:false
223 silly fetch manifest mime-types@^3.0.1
224 silly packumentCache full:https://registry.npmjs.org/mime-types cache-hit
225 silly fetch manifest media-typer@^1.1.0
226 silly packumentCache full:https://registry.npmjs.org/media-typer cache-miss
227 http fetch GET 200 https://registry.npmjs.org/ee-first 65ms (cache miss)
228 silly packumentCache full:https://registry.npmjs.org/ee-first set size:undefined disposed:false
229 http fetch GET 200 https://registry.npmjs.org/wrappy 64ms (cache miss)
230 silly packumentCache full:https://registry.npmjs.org/wrappy set size:undefined disposed:false
231 http fetch GET 200 https://registry.npmjs.org/forwarded 60ms (cache miss)
232 silly packumentCache full:https://registry.npmjs.org/forwarded set size:undefined disposed:false
233 http fetch GET 200 https://registry.npmjs.org/is-promise 83ms (cache miss)
234 silly packumentCache full:https://registry.npmjs.org/is-promise set size:undefined disposed:false
235 http fetch GET 200 https://registry.npmjs.org/ipaddr.js 90ms (cache miss)
236 silly packumentCache full:https://registry.npmjs.org/ipaddr.js set size:undefined disposed:false
237 http fetch GET 200 https://registry.npmjs.org/media-typer 73ms (cache miss)
238 silly packumentCache full:https://registry.npmjs.org/media-typer set size:undefined disposed:false
239 http fetch GET 200 https://registry.npmjs.org/path-to-regexp 94ms (cache miss)
240 silly packumentCache full:https://registry.npmjs.org/path-to-regexp set size:undefined disposed:false
241 silly placeDep node_modules/accepts mime-types@3.0.1 OK for: accepts@2.0.0 want: ^3.0.0
242 silly placeDep ROOT negotiator@1.0.0 OK for: accepts@2.0.0 want: ^1.0.0
243 silly placeDep ROOT bytes@3.1.2 OK for: body-parser@2.2.0 want: ^3.1.2
244 silly placeDep ROOT iconv-lite@0.6.3 OK for: body-parser@2.2.0 want: ^0.6.3
245 silly placeDep ROOT raw-body@3.0.1 OK for: body-parser@2.2.0 want: ^3.0.0
246 silly fetch manifest safer-buffer@>= 2.1.2 < 3.0.0
247 silly packumentCache full:https://registry.npmjs.org/safer-buffer cache-miss
248 silly fetch manifest iconv-lite@0.7.0
249 silly packumentCache full:https://registry.npmjs.org/iconv-lite cache-miss
250 silly fetch manifest unpipe@1.0.0
251 silly packumentCache full:https://registry.npmjs.org/unpipe cache-miss
252 http cache https://registry.npmjs.org/iconv-lite 3ms (cache hit)
253 silly packumentCache full:https://registry.npmjs.org/iconv-lite set size:118890 disposed:false
254 http fetch GET 200 https://registry.npmjs.org/safer-buffer 49ms (cache miss)
255 silly packumentCache full:https://registry.npmjs.org/safer-buffer set size:undefined disposed:false
256 http fetch GET 200 https://registry.npmjs.org/unpipe 49ms (cache miss)
257 silly packumentCache full:https://registry.npmjs.org/unpipe set size:undefined disposed:false
258 silly placeDep ROOT safe-buffer@5.2.1 OK for: content-disposition@1.0.0 want: 5.2.1
259 silly placeDep ROOT depd@2.0.0 OK for: http-errors@2.0.0 want: 2.0.0
260 silly placeDep ROOT inherits@2.0.4 OK for: http-errors@2.0.0 want: 2.0.4
261 silly placeDep ROOT setprototypeof@1.2.0 OK for: http-errors@2.0.0 want: 1.2.0
262 silly placeDep node_modules/http-errors statuses@2.0.1 OK for: http-errors@2.0.0 want: 2.0.1
263 silly placeDep ROOT toidentifier@1.0.1 OK for: http-errors@2.0.0 want: 1.0.1
264 silly placeDep ROOT safer-buffer@2.1.2 OK for: iconv-lite@0.6.3 want: >= 2.1.2 < 3.0.0
265 silly placeDep ROOT ee-first@1.1.1 OK for: on-finished@2.4.1 want: 1.1.1
266 silly placeDep ROOT wrappy@1.0.2 OK for: once@1.4.0 want: 1
267 silly placeDep ROOT forwarded@0.2.0 OK for: proxy-addr@2.0.7 want: 0.2.0
268 silly placeDep ROOT ipaddr.js@1.9.1 OK for: proxy-addr@2.0.7 want: 1.9.1
269 silly placeDep node_modules/raw-body iconv-lite@0.7.0 OK for: raw-body@3.0.1 want: 0.7.0
270 silly placeDep ROOT unpipe@1.0.0 OK for: raw-body@3.0.1 want: 1.0.0
271 silly placeDep ROOT is-promise@4.0.0 OK for: router@2.2.0 want: ^4.0.0
272 silly placeDep ROOT path-to-regexp@8.3.0 OK for: router@2.2.0 want: ^8.0.0
273 silly placeDep node_modules/send mime-types@3.0.1 OK for: send@1.2.0 want: ^3.0.1
274 silly placeDep ROOT media-typer@1.1.0 OK for: type-is@2.0.1 want: ^1.1.0
275 silly placeDep node_modules/type-is mime-types@3.0.1 OK for: type-is@2.0.1 want: ^3.0.0
276 silly placeDep node_modules/accepts mime-db@1.54.0 OK for: mime-types@3.0.1 want: ^1.54.0
277 silly placeDep node_modules/express mime-db@1.54.0 OK for: mime-types@3.0.1 want: ^1.54.0
278 silly placeDep node_modules/send mime-db@1.54.0 OK for: mime-types@3.0.1 want: ^1.54.0
279 silly placeDep node_modules/type-is mime-db@1.54.0 OK for: mime-types@3.0.1 want: ^1.54.0
280 silly reify moves {}
281 silly audit bulk request {
281 silly audit   '@babel/code-frame': [ '7.27.1' ],
281 silly audit   '@babel/compat-data': [ '7.28.5' ],
281 silly audit   '@babel/core': [ '7.28.5' ],
281 silly audit   '@babel/generator': [ '7.28.5' ],
281 silly audit   '@babel/helper-compilation-targets': [ '7.27.2' ],
281 silly audit   '@babel/helper-globals': [ '7.28.0' ],
281 silly audit   '@babel/helper-module-imports': [ '7.27.1' ],
281 silly audit   '@babel/helper-module-transforms': [ '7.28.3' ],
281 silly audit   '@babel/helper-plugin-utils': [ '7.27.1' ],
281 silly audit   '@babel/helper-string-parser': [ '7.27.1' ],
281 silly audit   '@babel/helper-validator-identifier': [ '7.28.5' ],
281 silly audit   '@babel/helper-validator-option': [ '7.27.1' ],
281 silly audit   '@babel/helpers': [ '7.28.4' ],
281 silly audit   '@babel/parser': [ '7.28.5' ],
281 silly audit   '@babel/plugin-transform-react-jsx-self': [ '7.27.1' ],
281 silly audit   '@babel/plugin-transform-react-jsx-source': [ '7.27.1' ],
281 silly audit   '@babel/template': [ '7.27.2' ],
281 silly audit   '@babel/traverse': [ '7.28.5' ],
281 silly audit   '@babel/types': [ '7.28.5' ],
281 silly audit   '@esbuild/aix-ppc64': [ '0.25.12' ],
281 silly audit   '@esbuild/android-arm': [ '0.25.12' ],
281 silly audit   '@esbuild/android-arm64': [ '0.25.12' ],
281 silly audit   '@esbuild/android-x64': [ '0.25.12' ],
281 silly audit   '@esbuild/darwin-arm64': [ '0.25.12' ],
281 silly audit   '@esbuild/darwin-x64': [ '0.25.12' ],
281 silly audit   '@esbuild/freebsd-arm64': [ '0.25.12' ],
281 silly audit   '@esbuild/freebsd-x64': [ '0.25.12' ],
281 silly audit   '@esbuild/linux-arm': [ '0.25.12' ],
281 silly audit   '@esbuild/linux-arm64': [ '0.25.12' ],
281 silly audit   '@esbuild/linux-ia32': [ '0.25.12' ],
281 silly audit   '@esbuild/linux-loong64': [ '0.25.12' ],
281 silly audit   '@esbuild/linux-mips64el': [ '0.25.12' ],
281 silly audit   '@esbuild/linux-ppc64': [ '0.25.12' ],
281 silly audit   '@esbuild/linux-riscv64': [ '0.25.12' ],
281 silly audit   '@esbuild/linux-s390x': [ '0.25.12' ],
281 silly audit   '@esbuild/linux-x64': [ '0.25.12' ],
281 silly audit   '@esbuild/netbsd-arm64': [ '0.25.12' ],
281 silly audit   '@esbuild/netbsd-x64': [ '0.25.12' ],
281 silly audit   '@esbuild/openbsd-arm64': [ '0.25.12' ],
281 silly audit   '@esbuild/openbsd-x64': [ '0.25.12' ],
281 silly audit   '@esbuild/openharmony-arm64': [ '0.25.12' ],
281 silly audit   '@esbuild/sunos-x64': [ '0.25.12' ],
281 silly audit   '@esbuild/win32-arm64': [ '0.25.12' ],
281 silly audit   '@esbuild/win32-ia32': [ '0.25.12' ],
281 silly audit   '@esbuild/win32-x64': [ '0.25.12' ],
281 silly audit   '@eslint-community/eslint-utils': [ '4.9.0' ],
281 silly audit   'eslint-visitor-keys': [ '3.4.3', '4.2.1' ],
281 silly audit   '@eslint-community/regexpp': [ '4.12.2' ],
281 silly audit   '@eslint/config-array': [ '0.21.1' ],
281 silly audit   '@eslint/config-helpers': [ '0.4.2' ],
281 silly audit   '@eslint/core': [ '0.17.0' ],
281 silly audit   '@eslint/eslintrc': [ '3.3.1' ],
281 silly audit   globals: [ '14.0.0', '16.5.0' ],
281 silly audit   '@eslint/js': [ '9.39.1' ],
281 silly audit   '@eslint/object-schema': [ '2.1.7' ],
281 silly audit   '@eslint/plugin-kit': [ '0.4.1' ],
281 silly audit   '@humanfs/core': [ '0.19.1' ],
281 silly audit   '@humanfs/node': [ '0.16.7' ],
281 silly audit   '@humanwhocodes/module-importer': [ '1.0.1' ],
281 silly audit   '@humanwhocodes/retry': [ '0.4.3' ],
281 silly audit   '@jridgewell/gen-mapping': [ '0.3.13' ],
281 silly audit   '@jridgewell/remapping': [ '2.3.5' ],
281 silly audit   '@jridgewell/resolve-uri': [ '3.1.2' ],
281 silly audit   '@jridgewell/sourcemap-codec': [ '1.5.5' ],
281 silly audit   '@jridgewell/trace-mapping': [ '0.3.31' ],
281 silly audit   '@reduxjs/toolkit': [ '2.10.1' ],
281 silly audit   '@rolldown/pluginutils': [ '1.0.0-beta.47' ],
281 silly audit   '@rollup/rollup-android-arm-eabi': [ '4.53.2' ],
281 silly audit   '@rollup/rollup-android-arm64': [ '4.53.2' ],
281 silly audit   '@rollup/rollup-darwin-arm64': [ '4.53.2' ],
281 silly audit   '@rollup/rollup-darwin-x64': [ '4.53.2' ],
281 silly audit   '@rollup/rollup-freebsd-arm64': [ '4.53.2' ],
281 silly audit   '@rollup/rollup-freebsd-x64': [ '4.53.2' ],
281 silly audit   '@rollup/rollup-linux-arm-gnueabihf': [ '4.53.2' ],
281 silly audit   '@rollup/rollup-linux-arm-musleabihf': [ '4.53.2' ],
281 silly audit   '@rollup/rollup-linux-arm64-gnu': [ '4.53.2' ],
281 silly audit   '@rollup/rollup-linux-arm64-musl': [ '4.53.2' ],
281 silly audit   '@rollup/rollup-linux-loong64-gnu': [ '4.53.2' ],
281 silly audit   '@rollup/rollup-linux-ppc64-gnu': [ '4.53.2' ],
281 silly audit   '@rollup/rollup-linux-riscv64-gnu': [ '4.53.2' ],
281 silly audit   '@rollup/rollup-linux-riscv64-musl': [ '4.53.2' ],
281 silly audit   '@rollup/rollup-linux-s390x-gnu': [ '4.53.2' ],
281 silly audit   '@rollup/rollup-linux-x64-gnu': [ '4.53.2' ],
281 silly audit   '@rollup/rollup-linux-x64-musl': [ '4.53.2' ],
281 silly audit   '@rollup/rollup-openharmony-arm64': [ '4.53.2' ],
281 silly audit   '@rollup/rollup-win32-arm64-msvc': [ '4.53.2' ],
281 silly audit   '@rollup/rollup-win32-ia32-msvc': [ '4.53.2' ],
281 silly audit   '@rollup/rollup-win32-x64-gnu': [ '4.53.2' ],
281 silly audit   '@rollup/rollup-win32-x64-msvc': [ '4.53.2' ],
281 silly audit   '@standard-schema/spec': [ '1.0.0' ],
281 silly audit   '@standard-schema/utils': [ '0.3.0' ],
281 silly audit   '@types/babel__core': [ '7.20.5' ],
281 silly audit   '@types/babel__generator': [ '7.27.0' ],
281 silly audit   '@types/babel__template': [ '7.4.4' ],
281 silly audit   '@types/babel__traverse': [ '7.28.0' ],
281 silly audit   '@types/d3-array': [ '3.2.2' ],
281 silly audit   '@types/d3-color': [ '3.1.3' ],
281 silly audit   '@types/d3-ease': [ '3.0.2' ],
281 silly audit   '@types/d3-interpolate': [ '3.0.4' ],
281 silly audit   '@types/d3-path': [ '3.1.1' ],
281 silly audit   '@types/d3-scale': [ '4.0.9' ],
281 silly audit   '@types/d3-shape': [ '3.1.7' ],
281 silly audit   '@types/d3-time': [ '3.0.4' ],
281 silly audit   '@types/d3-timer': [ '3.0.2' ],
281 silly audit   '@types/estree': [ '1.0.8' ],
281 silly audit   '@types/json-schema': [ '7.0.15' ],
281 silly audit   '@types/use-sync-external-store': [ '0.0.6' ],
281 silly audit   '@vitejs/plugin-react': [ '5.1.1' ],
281 silly audit   acorn: [ '8.15.0' ],
281 silly audit   'acorn-jsx': [ '5.3.2' ],
281 silly audit   ajv: [ '6.12.6' ],
281 silly audit   'ansi-styles': [ '4.3.0' ],
281 silly audit   argparse: [ '2.0.1' ],
281 silly audit   'array-buffer-byte-length': [ '1.0.2' ],
281 silly audit   'array-includes': [ '3.1.9' ],
281 silly audit   'array.prototype.findlast': [ '1.2.5' ],
281 silly audit   'array.prototype.flat': [ '1.3.3' ],
281 silly audit   'array.prototype.flatmap': [ '1.3.3' ],
281 silly audit   'array.prototype.tosorted': [ '1.1.4' ],
281 silly audit   'arraybuffer.prototype.slice': [ '1.0.4' ],
281 silly audit   'async-function': [ '1.0.0' ],
281 silly audit   asynckit: [ '0.4.0' ],
281 silly audit   'available-typed-arrays': [ '1.0.7' ],
281 silly audit   axios: [ '1.13.2' ],
281 silly audit   'balanced-match': [ '1.0.2' ],
281 silly audit   'baseline-browser-mapping': [ '2.8.28' ],
281 silly audit   'brace-expansion': [ '1.1.12' ],
281 silly audit   browserslist: [ '4.28.0' ],
281 silly audit   'call-bind': [ '1.0.8' ],
281 silly audit   'call-bind-apply-helpers': [ '1.0.2' ],
281 silly audit   'call-bound': [ '1.0.4' ],
281 silly audit   callsites: [ '3.1.0' ],
281 silly audit   'caniuse-lite': [ '1.0.30001754' ],
281 silly audit   chalk: [ '4.1.2' ],
281 silly audit   clsx: [ '2.1.1' ],
281 silly audit   'color-convert': [ '2.0.1' ],
281 silly audit   'color-name': [ '1.1.4' ],
281 silly audit   'combined-stream': [ '1.0.8' ],
281 silly audit   'concat-map': [ '0.0.1' ],
281 silly audit   'convert-source-map': [ '2.0.0' ],
281 silly audit   cookie: [ '1.0.2', '0.7.2' ],
281 silly audit   'cross-spawn': [ '7.0.6' ],
281 silly audit   'd3-array': [ '3.2.4' ],
281 silly audit   'd3-color': [ '3.1.0' ],
281 silly audit   'd3-ease': [ '3.0.1' ],
281 silly audit   'd3-format': [ '3.1.0' ],
281 silly audit   'd3-interpolate': [ '3.0.1' ],
281 silly audit   'd3-path': [ '3.1.0' ],
281 silly audit   'd3-scale': [ '4.0.2' ],
281 silly audit   'd3-shape': [ '3.2.0' ],
281 silly audit   'd3-time': [ '3.1.0' ],
281 silly audit   'd3-time-format': [ '4.1.0' ],
281 silly audit   'd3-timer': [ '3.0.1' ],
281 silly audit   'data-view-buffer': [ '1.0.2' ],
281 silly audit   'data-view-byte-length': [ '1.0.2' ],
281 silly audit   'data-view-byte-offset': [ '1.0.1' ],
281 silly audit   debug: [ '4.4.3' ],
281 silly audit   'decimal.js-light': [ '2.5.1' ],
281 silly audit   'deep-is': [ '0.1.4' ],
281 silly audit   'define-data-property': [ '1.1.4' ],
281 silly audit   'define-properties': [ '1.2.1' ],
281 silly audit   'delayed-stream': [ '1.0.0' ],
281 silly audit   doctrine: [ '2.1.0' ],
281 silly audit   'dunder-proto': [ '1.0.1' ],
281 silly audit   'electron-to-chromium': [ '1.5.252' ],
281 silly audit   'es-abstract': [ '1.24.0' ],
281 silly audit   'es-define-property': [ '1.0.1' ],
281 silly audit   'es-errors': [ '1.3.0' ],
281 silly audit   'es-iterator-helpers': [ '1.2.1' ],
281 silly audit   'es-object-atoms': [ '1.1.1' ],
281 silly audit   'es-set-tostringtag': [ '2.1.0' ],
281 silly audit   'es-shim-unscopables': [ '1.1.0' ],
281 silly audit   'es-to-primitive': [ '1.3.0' ],
281 silly audit   'es-toolkit': [ '1.41.0' ],
281 silly audit   esbuild: [ '0.25.12' ],
281 silly audit   escalade: [ '3.2.0' ],
281 silly audit   'escape-string-regexp': [ '4.0.0' ],
281 silly audit   eslint: [ '9.39.1' ],
281 silly audit   'eslint-plugin-react': [ '7.37.5' ],
281 silly audit   'eslint-scope': [ '8.4.0' ],
281 silly audit   espree: [ '10.4.0' ],
281 silly audit   esquery: [ '1.6.0' ],
281 silly audit   esrecurse: [ '4.3.0' ],
281 silly audit   estraverse: [ '5.3.0' ],
281 silly audit   esutils: [ '2.0.3' ],
281 silly audit   eventemitter3: [ '5.0.1' ],
281 silly audit   'fast-deep-equal': [ '3.1.3' ],
281 silly audit   'fast-json-stable-stringify': [ '2.1.0' ],
281 silly audit   'fast-levenshtein': [ '2.0.6' ],
281 silly audit   fdir: [ '6.5.0' ],
281 silly audit   'file-entry-cache': [ '8.0.0' ],
281 silly audit   'find-up': [ '5.0.0' ],
281 silly audit   'flat-cache': [ '4.0.1' ],
281 silly audit   flatted: [ '3.3.3' ],
281 silly audit   'follow-redirects': [ '1.15.11' ],
281 silly audit   'for-each': [ '0.3.5' ],
281 silly audit   'form-data': [ '4.0.4' ],
281 silly audit   fsevents: [ '2.3.3' ],
281 silly audit   'function-bind': [ '1.1.2' ],
281 silly audit   'function.prototype.name': [ '1.1.8' ],
281 silly audit   'functions-have-names': [ '1.2.3' ],
281 silly audit   'generator-function': [ '2.0.1' ],
281 silly audit   gensync: [ '1.0.0-beta.2' ],
281 silly audit   'get-intrinsic': [ '1.3.0' ],
281 silly audit   'get-proto': [ '1.0.1' ],
281 silly audit   'get-symbol-description': [ '1.1.0' ],
281 silly audit   'glob-parent': [ '6.0.2' ],
281 silly audit   globalthis: [ '1.0.4' ],
281 silly audit   gopd: [ '1.2.0' ],
281 silly audit   'has-bigints': [ '1.1.0' ],
281 silly audit   'has-flag': [ '4.0.0' ],
281 silly audit   'has-property-descriptors': [ '1.0.2' ],
281 silly audit   'has-proto': [ '1.2.0' ],
281 silly audit   'has-symbols': [ '1.1.0' ],
281 silly audit   'has-tostringtag': [ '1.0.2' ],
281 silly audit   hasown: [ '2.0.2' ],
281 silly audit   ignore: [ '5.3.2' ],
281 silly audit   immer: [ '10.2.0' ],
281 silly audit   'import-fresh': [ '3.3.1' ],
281 silly audit   imurmurhash: [ '0.1.4' ],
281 silly audit   'internal-slot': [ '1.1.0' ],
281 silly audit   internmap: [ '2.0.3' ],
281 silly audit   'is-array-buffer': [ '3.0.5' ],
281 silly audit   'is-async-function': [ '2.1.1' ],
281 silly audit   'is-bigint': [ '1.1.0' ],
281 silly audit   'is-boolean-object': [ '1.2.2' ],
281 silly audit   'is-callable': [ '1.2.7' ],
281 silly audit   'is-core-module': [ '2.16.1' ],
281 silly audit   'is-data-view': [ '1.0.2' ],
281 silly audit   'is-date-object': [ '1.1.0' ],
281 silly audit   'is-extglob': [ '2.1.1' ],
281 silly audit   'is-finalizationregistry': [ '1.1.1' ],
281 silly audit   'is-generator-function': [ '1.1.2' ],
281 silly audit   'is-glob': [ '4.0.3' ],
281 silly audit   'is-map': [ '2.0.3' ],
281 silly audit   'is-negative-zero': [ '2.0.3' ],
281 silly audit   'is-number-object': [ '1.1.1' ],
281 silly audit   'is-regex': [ '1.2.1' ],
281 silly audit   'is-set': [ '2.0.3' ],
281 silly audit   'is-shared-array-buffer': [ '1.0.4' ],
281 silly audit   'is-string': [ '1.1.1' ],
281 silly audit   'is-symbol': [ '1.1.1' ],
281 silly audit   'is-typed-array': [ '1.1.15' ],
281 silly audit   'is-weakmap': [ '2.0.2' ],
281 silly audit   'is-weakref': [ '1.1.1' ],
281 silly audit   'is-weakset': [ '2.0.4' ],
281 silly audit   isarray: [ '2.0.5' ],
281 silly audit   isexe: [ '2.0.0' ],
281 silly audit   'iterator.prototype': [ '1.1.5' ],
281 silly audit   'js-tokens': [ '4.0.0' ],
281 silly audit   'js-yaml': [ '4.1.1' ],
281 silly audit   jsesc: [ '3.1.0' ],
281 silly audit   'json-buffer': [ '3.0.1' ],
281 silly audit   'json-schema-traverse': [ '0.4.1' ],
281 silly audit   'json-stable-stringify-without-jsonify': [ '1.0.1' ],
281 silly audit   json5: [ '2.2.3' ],
281 silly audit   'jsx-ast-utils': [ '3.3.5' ],
281 silly audit   keyv: [ '4.5.4' ],
281 silly audit   levn: [ '0.4.1' ],
281 silly audit   'locate-path': [ '6.0.0' ],
281 silly audit   'lodash.merge': [ '4.6.2' ],
281 silly audit   'loose-envify': [ '1.4.0' ],
281 silly audit   'lru-cache': [ '5.1.1' ],
281 silly audit   'math-intrinsics': [ '1.1.0' ],
281 silly audit   'mime-db': [ '1.52.0', '1.54.0' ],
281 silly audit   'mime-types': [ '2.1.35', '3.0.1' ],
281 silly audit   minimatch: [ '3.1.2' ],
281 silly audit   ms: [ '2.1.3' ],
281 silly audit   nanoid: [ '3.3.11' ],
281 silly audit   'natural-compare': [ '1.4.0' ],
281 silly audit   'node-releases': [ '2.0.27' ],
281 silly audit   'object-assign': [ '4.1.1' ],
281 silly audit   'object-inspect': [ '1.13.4' ],
281 silly audit   'object-keys': [ '1.1.1' ],
281 silly audit   'object.assign': [ '4.1.7' ],
281 silly audit   'object.entries': [ '1.1.9' ],
281 silly audit   'object.fromentries': [ '2.0.8' ],
281 silly audit   'object.values': [ '1.2.1' ],
281 silly audit   optionator: [ '0.9.4' ],
281 silly audit   'own-keys': [ '1.0.1' ],
281 silly audit   'p-limit': [ '3.1.0' ],
281 silly audit   'p-locate': [ '5.0.0' ],
281 silly audit   'parent-module': [ '1.0.1' ],
281 silly audit   'path-exists': [ '4.0.0' ],
281 silly audit   'path-key': [ '3.1.1' ],
281 silly audit   'path-parse': [ '1.0.7' ],
281 silly audit   picocolors: [ '1.1.1' ],
281 silly audit   picomatch: [ '4.0.3' ],
281 silly audit   'possible-typed-array-names': [ '1.1.0' ],
281 silly audit   postcss: [ '8.5.6' ],
281 silly audit   'prelude-ls': [ '1.2.1' ],
281 silly audit   'prop-types': [ '15.8.1' ],
281 silly audit   'react-is': [ '16.13.1', '19.2.0' ],
281 silly audit   'proxy-from-env': [ '1.1.0' ],
281 silly audit   punycode: [ '2.3.1' ],
281 silly audit   react: [ '19.2.0' ],
281 silly audit   'react-dom': [ '19.2.0' ],
281 silly audit   'react-redux': [ '9.2.0' ],
281 silly audit   'react-refresh': [ '0.18.0' ],
281 silly audit   'react-router': [ '7.9.6' ],
281 silly audit   'react-router-dom': [ '7.9.6' ],
281 silly audit   recharts: [ '3.4.1' ],
281 silly audit   redux: [ '5.0.1' ],
281 silly audit   'redux-thunk': [ '3.1.0' ],
281 silly audit   'reflect.getprototypeof': [ '1.0.10' ],
281 silly audit   'regexp.prototype.flags': [ '1.5.4' ],
281 silly audit   reselect: [ '5.1.1' ],
281 silly audit   resolve: [ '2.0.0-next.5' ],
281 silly audit   'resolve-from': [ '4.0.0' ],
281 silly audit   rollup: [ '4.53.2' ],
281 silly audit   'safe-array-concat': [ '1.1.3' ],
281 silly audit   'safe-push-apply': [ '1.0.0' ],
281 silly audit   'safe-regex-test': [ '1.1.0' ],
281 silly audit   scheduler: [ '0.27.0' ],
281 silly audit   semver: [ '6.3.1' ],
281 silly audit   'set-cookie-parser': [ '2.7.2' ],
281 silly audit   'set-function-length': [ '1.2.2' ],
281 silly audit   'set-function-name': [ '2.0.2' ],
281 silly audit   'set-proto': [ '1.0.0' ],
281 silly audit   'shebang-command': [ '2.0.0' ],
281 silly audit   'shebang-regex': [ '3.0.0' ],
281 silly audit   'side-channel': [ '1.1.0' ],
281 silly audit   'side-channel-list': [ '1.0.0' ],
281 silly audit   'side-channel-map': [ '1.0.1' ],
281 silly audit   'side-channel-weakmap': [ '1.0.2' ],
281 silly audit   'source-map-js': [ '1.2.1' ],
281 silly audit   'stop-iteration-iterator': [ '1.1.0' ],
281 silly audit   'string.prototype.matchall': [ '4.0.12' ],
281 silly audit   'string.prototype.repeat': [ '1.0.0' ],
281 silly audit   'string.prototype.trim': [ '1.2.10' ],
281 silly audit   'string.prototype.trimend': [ '1.0.9' ],
281 silly audit   'string.prototype.trimstart': [ '1.0.8' ],
281 silly audit   'strip-json-comments': [ '3.1.1' ],
281 silly audit   'supports-color': [ '7.2.0' ],
281 silly audit   'supports-preserve-symlinks-flag': [ '1.0.0' ],
281 silly audit   'tiny-invariant': [ '1.3.3' ],
281 silly audit   tinyglobby: [ '0.2.15' ],
281 silly audit   'type-check': [ '0.4.0' ],
281 silly audit   'typed-array-buffer': [ '1.0.3' ],
281 silly audit   'typed-array-byte-length': [ '1.0.3' ],
281 silly audit   'typed-array-byte-offset': [ '1.0.4' ],
281 silly audit   'typed-array-length': [ '1.0.7' ],
281 silly audit   'unbox-primitive': [ '1.1.0' ],
281 silly audit   'update-browserslist-db': [ '1.1.4' ],
281 silly audit   'uri-js': [ '4.4.1' ],
281 silly audit   'use-sync-external-store': [ '1.6.0' ],
281 silly audit   'victory-vendor': [ '37.3.6' ],
281 silly audit   vite: [ '7.2.2' ],
281 silly audit   which: [ '2.0.2' ],
281 silly audit   'which-boxed-primitive': [ '1.1.1' ],
281 silly audit   'which-builtin-type': [ '1.2.1' ],
281 silly audit   'which-collection': [ '1.0.2' ],
281 silly audit   'which-typed-array': [ '1.1.19' ],
281 silly audit   'word-wrap': [ '1.2.5' ],
281 silly audit   yallist: [ '3.1.1' ],
281 silly audit   'yocto-queue': [ '0.1.0' ],
281 silly audit   cors: [ '2.8.5' ],
281 silly audit   express: [ '5.1.0' ],
281 silly audit   vary: [ '1.1.2' ],
281 silly audit   accepts: [ '2.0.0' ],
281 silly audit   'body-parser': [ '2.2.0' ],
281 silly audit   'content-disposition': [ '1.0.0' ],
281 silly audit   'content-type': [ '1.0.5' ],
281 silly audit   'cookie-signature': [ '1.2.2' ],
281 silly audit   encodeurl: [ '2.0.0' ],
281 silly audit   'escape-html': [ '1.0.3' ],
281 silly audit   etag: [ '1.8.1' ],
281 silly audit   finalhandler: [ '2.1.0' ],
281 silly audit   fresh: [ '2.0.0' ],
281 silly audit   'http-errors': [ '2.0.0' ],
281 silly audit   'merge-descriptors': [ '2.0.0' ],
281 silly audit   'on-finished': [ '2.4.1' ],
281 silly audit   once: [ '1.4.0' ],
281 silly audit   parseurl: [ '1.3.3' ],
281 silly audit   'proxy-addr': [ '2.0.7' ],
281 silly audit   qs: [ '6.14.0' ],
281 silly audit   'range-parser': [ '1.2.1' ],
281 silly audit   router: [ '2.2.0' ],
281 silly audit   send: [ '1.2.0' ],
281 silly audit   'serve-static': [ '2.2.0' ],
281 silly audit   statuses: [ '2.0.2', '2.0.1' ],
281 silly audit   'type-is': [ '2.0.1' ],
281 silly audit   negotiator: [ '1.0.0' ],
281 silly audit   bytes: [ '3.1.2' ],
281 silly audit   'iconv-lite': [ '0.6.3', '0.7.0' ],
281 silly audit   'raw-body': [ '3.0.1' ],
281 silly audit   'safe-buffer': [ '5.2.1' ],
281 silly audit   depd: [ '2.0.0' ],
281 silly audit   inherits: [ '2.0.4' ],
281 silly audit   setprototypeof: [ '1.2.0' ],
281 silly audit   toidentifier: [ '1.0.1' ],
281 silly audit   'safer-buffer': [ '2.1.2' ],
281 silly audit   'ee-first': [ '1.1.1' ],
281 silly audit   wrappy: [ '1.0.2' ],
281 silly audit   forwarded: [ '0.2.0' ],
281 silly audit   'ipaddr.js': [ '1.9.1' ],
281 silly audit   unpipe: [ '1.0.0' ],
281 silly audit   'is-promise': [ '4.0.0' ],
281 silly audit   'path-to-regexp': [ '8.3.0' ],
281 silly audit   'media-typer': [ '1.1.0' ]
281 silly audit }
282 verbose reify failed optional dependency /Users/arpitmishra/Desktop/StockTracker/node_modules/@rollup/rollup-win32-x64-msvc
283 silly reify mark deleted [
283 silly reify   '/Users/arpitmishra/Desktop/StockTracker/node_modules/@rollup/rollup-win32-x64-msvc'
283 silly reify ]
284 verbose reify failed optional dependency /Users/arpitmishra/Desktop/StockTracker/node_modules/@rollup/rollup-win32-x64-gnu
285 silly reify mark deleted [
285 silly reify   '/Users/arpitmishra/Desktop/StockTracker/node_modules/@rollup/rollup-win32-x64-gnu'
285 silly reify ]
286 verbose reify failed optional dependency /Users/arpitmishra/Desktop/StockTracker/node_modules/@rollup/rollup-win32-ia32-msvc
287 silly reify mark deleted [
287 silly reify   '/Users/arpitmishra/Desktop/StockTracker/node_modules/@rollup/rollup-win32-ia32-msvc'
287 silly reify ]
288 verbose reify failed optional dependency /Users/arpitmishra/Desktop/StockTracker/node_modules/@rollup/rollup-win32-arm64-msvc
289 silly reify mark deleted [
289 silly reify   '/Users/arpitmishra/Desktop/StockTracker/node_modules/@rollup/rollup-win32-arm64-msvc'
289 silly reify ]
290 verbose reify failed optional dependency /Users/arpitmishra/Desktop/StockTracker/node_modules/@rollup/rollup-openharmony-arm64
291 silly reify mark deleted [
291 silly reify   '/Users/arpitmishra/Desktop/StockTracker/node_modules/@rollup/rollup-openharmony-arm64'
291 silly reify ]
292 verbose reify failed optional dependency /Users/arpitmishra/Desktop/StockTracker/node_modules/@rollup/rollup-linux-x64-musl
293 silly reify mark deleted [
293 silly reify   '/Users/arpitmishra/Desktop/StockTracker/node_modules/@rollup/rollup-linux-x64-musl'
293 silly reify ]
294 verbose reify failed optional dependency /Users/arpitmishra/Desktop/StockTracker/node_modules/@rollup/rollup-linux-x64-gnu
295 silly reify mark deleted [
295 silly reify   '/Users/arpitmishra/Desktop/StockTracker/node_modules/@rollup/rollup-linux-x64-gnu'
295 silly reify ]
296 verbose reify failed optional dependency /Users/arpitmishra/Desktop/StockTracker/node_modules/@rollup/rollup-linux-s390x-gnu
297 silly reify mark deleted [
297 silly reify   '/Users/arpitmishra/Desktop/StockTracker/node_modules/@rollup/rollup-linux-s390x-gnu'
297 silly reify ]
298 verbose reify failed optional dependency /Users/arpitmishra/Desktop/StockTracker/node_modules/@rollup/rollup-linux-riscv64-musl
299 silly reify mark deleted [
299 silly reify   '/Users/arpitmishra/Desktop/StockTracker/node_modules/@rollup/rollup-linux-riscv64-musl'
299 silly reify ]
300 verbose reify failed optional dependency /Users/arpitmishra/Desktop/StockTracker/node_modules/@rollup/rollup-linux-riscv64-gnu
301 silly reify mark deleted [
301 silly reify   '/Users/arpitmishra/Desktop/StockTracker/node_modules/@rollup/rollup-linux-riscv64-gnu'
301 silly reify ]
302 verbose reify failed optional dependency /Users/arpitmishra/Desktop/StockTracker/node_modules/@rollup/rollup-linux-ppc64-gnu
303 silly reify mark deleted [
303 silly reify   '/Users/arpitmishra/Desktop/StockTracker/node_modules/@rollup/rollup-linux-ppc64-gnu'
303 silly reify ]
304 verbose reify failed optional dependency /Users/arpitmishra/Desktop/StockTracker/node_modules/@rollup/rollup-linux-loong64-gnu
305 silly reify mark deleted [
305 silly reify   '/Users/arpitmishra/Desktop/StockTracker/node_modules/@rollup/rollup-linux-loong64-gnu'
305 silly reify ]
306 verbose reify failed optional dependency /Users/arpitmishra/Desktop/StockTracker/node_modules/@rollup/rollup-linux-arm64-musl
307 silly reify mark deleted [
307 silly reify   '/Users/arpitmishra/Desktop/StockTracker/node_modules/@rollup/rollup-linux-arm64-musl'
307 silly reify ]
308 verbose reify failed optional dependency /Users/arpitmishra/Desktop/StockTracker/node_modules/@rollup/rollup-linux-arm64-gnu
309 silly reify mark deleted [
309 silly reify   '/Users/arpitmishra/Desktop/StockTracker/node_modules/@rollup/rollup-linux-arm64-gnu'
309 silly reify ]
310 verbose reify failed optional dependency /Users/arpitmishra/Desktop/StockTracker/node_modules/@rollup/rollup-linux-arm-musleabihf
311 silly reify mark deleted [
311 silly reify   '/Users/arpitmishra/Desktop/StockTracker/node_modules/@rollup/rollup-linux-arm-musleabihf'
311 silly reify ]
312 verbose reify failed optional dependency /Users/arpitmishra/Desktop/StockTracker/node_modules/@rollup/rollup-linux-arm-gnueabihf
313 silly reify mark deleted [
313 silly reify   '/Users/arpitmishra/Desktop/StockTracker/node_modules/@rollup/rollup-linux-arm-gnueabihf'
313 silly reify ]
314 verbose reify failed optional dependency /Users/arpitmishra/Desktop/StockTracker/node_modules/@rollup/rollup-freebsd-x64
315 silly reify mark deleted [
315 silly reify   '/Users/arpitmishra/Desktop/StockTracker/node_modules/@rollup/rollup-freebsd-x64'
315 silly reify ]
316 verbose reify failed optional dependency /Users/arpitmishra/Desktop/StockTracker/node_modules/@rollup/rollup-freebsd-arm64
317 silly reify mark deleted [
317 silly reify   '/Users/arpitmishra/Desktop/StockTracker/node_modules/@rollup/rollup-freebsd-arm64'
317 silly reify ]
318 verbose reify failed optional dependency /Users/arpitmishra/Desktop/StockTracker/node_modules/@rollup/rollup-darwin-x64
319 silly reify mark deleted [
319 silly reify   '/Users/arpitmishra/Desktop/StockTracker/node_modules/@rollup/rollup-darwin-x64'
319 silly reify ]
320 verbose reify failed optional dependency /Users/arpitmishra/Desktop/StockTracker/node_modules/@rollup/rollup-android-arm64
321 silly reify mark deleted [
321 silly reify   '/Users/arpitmishra/Desktop/StockTracker/node_modules/@rollup/rollup-android-arm64'
321 silly reify ]
322 verbose reify failed optional dependency /Users/arpitmishra/Desktop/StockTracker/node_modules/@rollup/rollup-android-arm-eabi
323 silly reify mark deleted [
323 silly reify   '/Users/arpitmishra/Desktop/StockTracker/node_modules/@rollup/rollup-android-arm-eabi'
323 silly reify ]
324 verbose reify failed optional dependency /Users/arpitmishra/Desktop/StockTracker/node_modules/@esbuild/win32-x64
325 silly reify mark deleted [
325 silly reify   '/Users/arpitmishra/Desktop/StockTracker/node_modules/@esbuild/win32-x64'
325 silly reify ]
326 verbose reify failed optional dependency /Users/arpitmishra/Desktop/StockTracker/node_modules/@esbuild/win32-ia32
327 silly reify mark deleted [
327 silly reify   '/Users/arpitmishra/Desktop/StockTracker/node_modules/@esbuild/win32-ia32'
327 silly reify ]
328 verbose reify failed optional dependency /Users/arpitmishra/Desktop/StockTracker/node_modules/@esbuild/win32-arm64
329 silly reify mark deleted [
329 silly reify   '/Users/arpitmishra/Desktop/StockTracker/node_modules/@esbuild/win32-arm64'
329 silly reify ]
330 verbose reify failed optional dependency /Users/arpitmishra/Desktop/StockTracker/node_modules/@esbuild/sunos-x64
331 silly reify mark deleted [
331 silly reify   '/Users/arpitmishra/Desktop/StockTracker/node_modules/@esbuild/sunos-x64'
331 silly reify ]
332 verbose reify failed optional dependency /Users/arpitmishra/Desktop/StockTracker/node_modules/@esbuild/openharmony-arm64
333 silly reify mark deleted [
333 silly reify   '/Users/arpitmishra/Desktop/StockTracker/node_modules/@esbuild/openharmony-arm64'
333 silly reify ]
334 verbose reify failed optional dependency /Users/arpitmishra/Desktop/StockTracker/node_modules/@esbuild/openbsd-x64
335 silly reify mark deleted [
335 silly reify   '/Users/arpitmishra/Desktop/StockTracker/node_modules/@esbuild/openbsd-x64'
335 silly reify ]
336 verbose reify failed optional dependency /Users/arpitmishra/Desktop/StockTracker/node_modules/@esbuild/openbsd-arm64
337 silly reify mark deleted [
337 silly reify   '/Users/arpitmishra/Desktop/StockTracker/node_modules/@esbuild/openbsd-arm64'
337 silly reify ]
338 verbose reify failed optional dependency /Users/arpitmishra/Desktop/StockTracker/node_modules/@esbuild/netbsd-x64
339 silly reify mark deleted [
339 silly reify   '/Users/arpitmishra/Desktop/StockTracker/node_modules/@esbuild/netbsd-x64'
339 silly reify ]
340 verbose reify failed optional dependency /Users/arpitmishra/Desktop/StockTracker/node_modules/@esbuild/netbsd-arm64
341 silly reify mark deleted [
341 silly reify   '/Users/arpitmishra/Desktop/StockTracker/node_modules/@esbuild/netbsd-arm64'
341 silly reify ]
342 verbose reify failed optional dependency /Users/arpitmishra/Desktop/StockTracker/node_modules/@esbuild/linux-x64
343 silly reify mark deleted [
343 silly reify   '/Users/arpitmishra/Desktop/StockTracker/node_modules/@esbuild/linux-x64'
343 silly reify ]
344 verbose reify failed optional dependency /Users/arpitmishra/Desktop/StockTracker/node_modules/@esbuild/linux-s390x
345 silly reify mark deleted [
345 silly reify   '/Users/arpitmishra/Desktop/StockTracker/node_modules/@esbuild/linux-s390x'
345 silly reify ]
346 verbose reify failed optional dependency /Users/arpitmishra/Desktop/StockTracker/node_modules/@esbuild/linux-riscv64
347 silly reify mark deleted [
347 silly reify   '/Users/arpitmishra/Desktop/StockTracker/node_modules/@esbuild/linux-riscv64'
347 silly reify ]
348 verbose reify failed optional dependency /Users/arpitmishra/Desktop/StockTracker/node_modules/@esbuild/linux-ppc64
349 silly reify mark deleted [
349 silly reify   '/Users/arpitmishra/Desktop/StockTracker/node_modules/@esbuild/linux-ppc64'
349 silly reify ]
350 verbose reify failed optional dependency /Users/arpitmishra/Desktop/StockTracker/node_modules/@esbuild/linux-mips64el
351 silly reify mark deleted [
351 silly reify   '/Users/arpitmishra/Desktop/StockTracker/node_modules/@esbuild/linux-mips64el'
351 silly reify ]
352 verbose reify failed optional dependency /Users/arpitmishra/Desktop/StockTracker/node_modules/@esbuild/linux-loong64
353 silly reify mark deleted [
353 silly reify   '/Users/arpitmishra/Desktop/StockTracker/node_modules/@esbuild/linux-loong64'
353 silly reify ]
354 verbose reify failed optional dependency /Users/arpitmishra/Desktop/StockTracker/node_modules/@esbuild/linux-ia32
355 silly reify mark deleted [
355 silly reify   '/Users/arpitmishra/Desktop/StockTracker/node_modules/@esbuild/linux-ia32'
355 silly reify ]
356 verbose reify failed optional dependency /Users/arpitmishra/Desktop/StockTracker/node_modules/@esbuild/linux-arm64
357 silly reify mark deleted [
357 silly reify   '/Users/arpitmishra/Desktop/StockTracker/node_modules/@esbuild/linux-arm64'
357 silly reify ]
358 verbose reify failed optional dependency /Users/arpitmishra/Desktop/StockTracker/node_modules/@esbuild/linux-arm
359 silly reify mark deleted [
359 silly reify   '/Users/arpitmishra/Desktop/StockTracker/node_modules/@esbuild/linux-arm'
359 silly reify ]
360 verbose reify failed optional dependency /Users/arpitmishra/Desktop/StockTracker/node_modules/@esbuild/freebsd-x64
361 silly reify mark deleted [
361 silly reify   '/Users/arpitmishra/Desktop/StockTracker/node_modules/@esbuild/freebsd-x64'
361 silly reify ]
362 verbose reify failed optional dependency /Users/arpitmishra/Desktop/StockTracker/node_modules/@esbuild/freebsd-arm64
363 silly reify mark deleted [
363 silly reify   '/Users/arpitmishra/Desktop/StockTracker/node_modules/@esbuild/freebsd-arm64'
363 silly reify ]
364 verbose reify failed optional dependency /Users/arpitmishra/Desktop/StockTracker/node_modules/@esbuild/darwin-x64
365 silly reify mark deleted [
365 silly reify   '/Users/arpitmishra/Desktop/StockTracker/node_modules/@esbuild/darwin-x64'
365 silly reify ]
366 verbose reify failed optional dependency /Users/arpitmishra/Desktop/StockTracker/node_modules/@esbuild/android-x64
367 silly reify mark deleted [
367 silly reify   '/Users/arpitmishra/Desktop/StockTracker/node_modules/@esbuild/android-x64'
367 silly reify ]
368 verbose reify failed optional dependency /Users/arpitmishra/Desktop/StockTracker/node_modules/@esbuild/android-arm64
369 silly reify mark deleted [
369 silly reify   '/Users/arpitmishra/Desktop/StockTracker/node_modules/@esbuild/android-arm64'
369 silly reify ]
370 verbose reify failed optional dependency /Users/arpitmishra/Desktop/StockTracker/node_modules/@esbuild/android-arm
371 silly reify mark deleted [
371 silly reify   '/Users/arpitmishra/Desktop/StockTracker/node_modules/@esbuild/android-arm'
371 silly reify ]
372 verbose reify failed optional dependency /Users/arpitmishra/Desktop/StockTracker/node_modules/@esbuild/aix-ppc64
373 silly reify mark deleted [
373 silly reify   '/Users/arpitmishra/Desktop/StockTracker/node_modules/@esbuild/aix-ppc64'
373 silly reify ]
374 http cache path-to-regexp@https://registry.npmjs.org/path-to-regexp/-/path-to-regexp-8.3.0.tgz 0ms (cache hit)
375 http cache media-typer@https://registry.npmjs.org/media-typer/-/media-typer-1.1.0.tgz 0ms (cache hit)
376 http cache ee-first@https://registry.npmjs.org/ee-first/-/ee-first-1.1.1.tgz 0ms (cache hit)
377 http cache ipaddr.js@https://registry.npmjs.org/ipaddr.js/-/ipaddr.js-1.9.1.tgz 0ms (cache hit)
378 http cache wrappy@https://registry.npmjs.org/wrappy/-/wrappy-1.0.2.tgz 0ms (cache hit)
379 http cache safer-buffer@https://registry.npmjs.org/safer-buffer/-/safer-buffer-2.1.2.tgz 0ms (cache hit)
380 http cache forwarded@https://registry.npmjs.org/forwarded/-/forwarded-0.2.0.tgz 0ms (cache hit)
381 http cache unpipe@https://registry.npmjs.org/unpipe/-/unpipe-1.0.0.tgz 0ms (cache hit)
382 http cache toidentifier@https://registry.npmjs.org/toidentifier/-/toidentifier-1.0.1.tgz 0ms (cache hit)
383 http cache inherits@https://registry.npmjs.org/inherits/-/inherits-2.0.4.tgz 0ms (cache hit)
384 http cache setprototypeof@https://registry.npmjs.org/setprototypeof/-/setprototypeof-1.2.0.tgz 0ms (cache hit)
385 http cache is-promise@https://registry.npmjs.org/is-promise/-/is-promise-4.0.0.tgz 0ms (cache hit)
386 http cache depd@https://registry.npmjs.org/depd/-/depd-2.0.0.tgz 0ms (cache hit)
387 http cache iconv-lite@https://registry.npmjs.org/iconv-lite/-/iconv-lite-0.6.3.tgz 0ms (cache hit)
388 http cache safe-buffer@https://registry.npmjs.org/safe-buffer/-/safe-buffer-5.2.1.tgz 0ms (cache hit)
389 http cache negotiator@https://registry.npmjs.org/negotiator/-/negotiator-1.0.0.tgz 0ms (cache hit)
390 http cache type-is@https://registry.npmjs.org/type-is/-/type-is-2.0.1.tgz 0ms (cache hit)
391 http cache statuses@https://registry.npmjs.org/statuses/-/statuses-2.0.2.tgz 0ms (cache hit)
392 http cache raw-body@https://registry.npmjs.org/raw-body/-/raw-body-3.0.1.tgz 0ms (cache hit)
393 http cache send@https://registry.npmjs.org/send/-/send-1.2.0.tgz 0ms (cache hit)
394 http cache serve-static@https://registry.npmjs.org/serve-static/-/serve-static-2.2.0.tgz 0ms (cache hit)
395 http cache range-parser@https://registry.npmjs.org/range-parser/-/range-parser-1.2.1.tgz 0ms (cache hit)
396 http cache qs@https://registry.npmjs.org/qs/-/qs-6.14.0.tgz 0ms (cache hit)
397 http cache once@https://registry.npmjs.org/once/-/once-1.4.0.tgz 0ms (cache hit)
398 http cache proxy-addr@https://registry.npmjs.org/proxy-addr/-/proxy-addr-2.0.7.tgz 0ms (cache hit)
399 http cache bytes@https://registry.npmjs.org/bytes/-/bytes-3.1.2.tgz 0ms (cache hit)
400 http cache router@https://registry.npmjs.org/router/-/router-2.2.0.tgz 0ms (cache hit)
401 http cache etag@https://registry.npmjs.org/etag/-/etag-1.8.1.tgz 0ms (cache hit)
402 http cache finalhandler@https://registry.npmjs.org/finalhandler/-/finalhandler-2.1.0.tgz 0ms (cache hit)
403 http cache on-finished@https://registry.npmjs.org/on-finished/-/on-finished-2.4.1.tgz 0ms (cache hit)
404 http cache merge-descriptors@https://registry.npmjs.org/merge-descriptors/-/merge-descriptors-2.0.0.tgz 0ms (cache hit)
405 http cache parseurl@https://registry.npmjs.org/parseurl/-/parseurl-1.3.3.tgz 0ms (cache hit)
406 http cache escape-html@https://registry.npmjs.org/escape-html/-/escape-html-1.0.3.tgz 0ms (cache hit)
407 http cache encodeurl@https://registry.npmjs.org/encodeurl/-/encodeurl-2.0.0.tgz 0ms (cache hit)
408 http cache content-disposition@https://registry.npmjs.org/content-disposition/-/content-disposition-1.0.0.tgz 0ms (cache hit)
409 http cache content-type@https://registry.npmjs.org/content-type/-/content-type-1.0.5.tgz 0ms (cache hit)
410 http cache cookie-signature@https://registry.npmjs.org/cookie-signature/-/cookie-signature-1.2.2.tgz 0ms (cache hit)
411 http cache fresh@https://registry.npmjs.org/fresh/-/fresh-2.0.0.tgz 0ms (cache hit)
412 http cache accepts@https://registry.npmjs.org/accepts/-/accepts-2.0.0.tgz 0ms (cache hit)
413 http cache vary@https://registry.npmjs.org/vary/-/vary-1.1.2.tgz 0ms (cache hit)
414 http cache mime-db@https://registry.npmjs.org/mime-db/-/mime-db-1.54.0.tgz 0ms (cache hit)
415 http cache http-errors@https://registry.npmjs.org/http-errors/-/http-errors-2.0.0.tgz 0ms (cache hit)
416 http cache cors@https://registry.npmjs.org/cors/-/cors-2.8.5.tgz 0ms (cache hit)
417 http cache body-parser@https://registry.npmjs.org/body-parser/-/body-parser-2.2.0.tgz 0ms (cache hit)
418 http cache iconv-lite@https://registry.npmjs.org/iconv-lite/-/iconv-lite-0.7.0.tgz 0ms (cache hit)
419 http cache mime-types@https://registry.npmjs.org/mime-types/-/mime-types-3.0.1.tgz 0ms (cache hit)
420 http cache mime-db@https://registry.npmjs.org/mime-db/-/mime-db-1.54.0.tgz 0ms (cache hit)
421 http cache mime-types@https://registry.npmjs.org/mime-types/-/mime-types-3.0.1.tgz 0ms (cache hit)
422 http cache mime-db@https://registry.npmjs.org/mime-db/-/mime-db-1.54.0.tgz 0ms (cache hit)
423 http cache mime-types@https://registry.npmjs.org/mime-types/-/mime-types-3.0.1.tgz 0ms (cache hit)
424 http cache mime-db@https://registry.npmjs.org/mime-db/-/mime-db-1.54.0.tgz 0ms (cache hit)
425 http cache statuses@https://registry.npmjs.org/statuses/-/statuses-2.0.1.tgz 0ms (cache hit)
426 silly tarball no local data for ipaddr.js@https://registry.npmjs.org/ipaddr.js/-/ipaddr.js-1.9.1.tgz. Extracting by manifest.
427 silly tarball no local data for path-to-regexp@https://registry.npmjs.org/path-to-regexp/-/path-to-regexp-8.3.0.tgz. Extracting by manifest.
428 silly tarball no local data for media-typer@https://registry.npmjs.org/media-typer/-/media-typer-1.1.0.tgz. Extracting by manifest.
429 silly tarball no local data for wrappy@https://registry.npmjs.org/wrappy/-/wrappy-1.0.2.tgz. Extracting by manifest.
430 silly tarball no local data for ee-first@https://registry.npmjs.org/ee-first/-/ee-first-1.1.1.tgz. Extracting by manifest.
431 silly tarball no local data for safer-buffer@https://registry.npmjs.org/safer-buffer/-/safer-buffer-2.1.2.tgz. Extracting by manifest.
432 silly tarball no local data for forwarded@https://registry.npmjs.org/forwarded/-/forwarded-0.2.0.tgz. Extracting by manifest.
433 silly tarball no local data for unpipe@https://registry.npmjs.org/unpipe/-/unpipe-1.0.0.tgz. Extracting by manifest.
434 silly tarball no local data for toidentifier@https://registry.npmjs.org/toidentifier/-/toidentifier-1.0.1.tgz. Extracting by manifest.
435 silly tarball no local data for is-promise@https://registry.npmjs.org/is-promise/-/is-promise-4.0.0.tgz. Extracting by manifest.
436 silly tarball no local data for iconv-lite@https://registry.npmjs.org/iconv-lite/-/iconv-lite-0.6.3.tgz. Extracting by manifest.
437 http cache cookie@https://registry.npmjs.org/cookie/-/cookie-0.7.2.tgz 0ms (cache hit)
438 silly tarball no local data for inherits@https://registry.npmjs.org/inherits/-/inherits-2.0.4.tgz. Extracting by manifest.
439 silly tarball no local data for setprototypeof@https://registry.npmjs.org/setprototypeof/-/setprototypeof-1.2.0.tgz. Extracting by manifest.
440 silly tarball no local data for safe-buffer@https://registry.npmjs.org/safe-buffer/-/safe-buffer-5.2.1.tgz. Extracting by manifest.
441 silly tarball no local data for depd@https://registry.npmjs.org/depd/-/depd-2.0.0.tgz. Extracting by manifest.
442 silly tarball no local data for negotiator@https://registry.npmjs.org/negotiator/-/negotiator-1.0.0.tgz. Extracting by manifest.
443 http cache express@https://registry.npmjs.org/express/-/express-5.1.0.tgz 0ms (cache hit)
444 silly tarball no local data for send@https://registry.npmjs.org/send/-/send-1.2.0.tgz. Extracting by manifest.
445 silly tarball no local data for type-is@https://registry.npmjs.org/type-is/-/type-is-2.0.1.tgz. Extracting by manifest.
446 silly tarball no local data for range-parser@https://registry.npmjs.org/range-parser/-/range-parser-1.2.1.tgz. Extracting by manifest.
447 silly tarball no local data for raw-body@https://registry.npmjs.org/raw-body/-/raw-body-3.0.1.tgz. Extracting by manifest.
448 silly tarball no local data for statuses@https://registry.npmjs.org/statuses/-/statuses-2.0.2.tgz. Extracting by manifest.
449 silly tarball no local data for serve-static@https://registry.npmjs.org/serve-static/-/serve-static-2.2.0.tgz. Extracting by manifest.
450 silly tarball no local data for qs@https://registry.npmjs.org/qs/-/qs-6.14.0.tgz. Extracting by manifest.
451 silly tarball no local data for once@https://registry.npmjs.org/once/-/once-1.4.0.tgz. Extracting by manifest.
452 silly tarball no local data for bytes@https://registry.npmjs.org/bytes/-/bytes-3.1.2.tgz. Extracting by manifest.
453 http cache mime-types@https://registry.npmjs.org/mime-types/-/mime-types-3.0.1.tgz 0ms (cache hit)
454 silly tarball no local data for proxy-addr@https://registry.npmjs.org/proxy-addr/-/proxy-addr-2.0.7.tgz. Extracting by manifest.
455 silly tarball no local data for finalhandler@https://registry.npmjs.org/finalhandler/-/finalhandler-2.1.0.tgz. Extracting by manifest.
456 silly tarball no local data for router@https://registry.npmjs.org/router/-/router-2.2.0.tgz. Extracting by manifest.
457 silly tarball no local data for on-finished@https://registry.npmjs.org/on-finished/-/on-finished-2.4.1.tgz. Extracting by manifest.
458 silly tarball no local data for etag@https://registry.npmjs.org/etag/-/etag-1.8.1.tgz. Extracting by manifest.
459 silly tarball no local data for parseurl@https://registry.npmjs.org/parseurl/-/parseurl-1.3.3.tgz. Extracting by manifest.
460 silly tarball no local data for merge-descriptors@https://registry.npmjs.org/merge-descriptors/-/merge-descriptors-2.0.0.tgz. Extracting by manifest.
461 silly tarball no local data for encodeurl@https://registry.npmjs.org/encodeurl/-/encodeurl-2.0.0.tgz. Extracting by manifest.
462 silly tarball no local data for content-disposition@https://registry.npmjs.org/content-disposition/-/content-disposition-1.0.0.tgz. Extracting by manifest.
463 silly tarball no local data for content-type@https://registry.npmjs.org/content-type/-/content-type-1.0.5.tgz. Extracting by manifest.
464 silly tarball no local data for escape-html@https://registry.npmjs.org/escape-html/-/escape-html-1.0.3.tgz. Extracting by manifest.
465 silly tarball no local data for cookie-signature@https://registry.npmjs.org/cookie-signature/-/cookie-signature-1.2.2.tgz. Extracting by manifest.
466 silly tarball no local data for fresh@https://registry.npmjs.org/fresh/-/fresh-2.0.0.tgz. Extracting by manifest.
467 silly tarball no local data for accepts@https://registry.npmjs.org/accepts/-/accepts-2.0.0.tgz. Extracting by manifest.
468 silly tarball no local data for vary@https://registry.npmjs.org/vary/-/vary-1.1.2.tgz. Extracting by manifest.
469 silly tarball no local data for mime-db@https://registry.npmjs.org/mime-db/-/mime-db-1.54.0.tgz. Extracting by manifest.
470 silly tarball no local data for http-errors@https://registry.npmjs.org/http-errors/-/http-errors-2.0.0.tgz. Extracting by manifest.
471 silly tarball no local data for mime-types@https://registry.npmjs.org/mime-types/-/mime-types-3.0.1.tgz. Extracting by manifest.
472 silly tarball no local data for body-parser@https://registry.npmjs.org/body-parser/-/body-parser-2.2.0.tgz. Extracting by manifest.
473 silly tarball no local data for mime-db@https://registry.npmjs.org/mime-db/-/mime-db-1.54.0.tgz. Extracting by manifest.
474 silly tarball no local data for cors@https://registry.npmjs.org/cors/-/cors-2.8.5.tgz. Extracting by manifest.
475 silly tarball no local data for iconv-lite@https://registry.npmjs.org/iconv-lite/-/iconv-lite-0.7.0.tgz. Extracting by manifest.
476 silly tarball no local data for mime-types@https://registry.npmjs.org/mime-types/-/mime-types-3.0.1.tgz. Extracting by manifest.
477 silly tarball no local data for mime-db@https://registry.npmjs.org/mime-db/-/mime-db-1.54.0.tgz. Extracting by manifest.
478 silly tarball no local data for mime-types@https://registry.npmjs.org/mime-types/-/mime-types-3.0.1.tgz. Extracting by manifest.
479 silly tarball no local data for mime-db@https://registry.npmjs.org/mime-db/-/mime-db-1.54.0.tgz. Extracting by manifest.
480 silly tarball no local data for statuses@https://registry.npmjs.org/statuses/-/statuses-2.0.1.tgz. Extracting by manifest.
481 silly tarball no local data for cookie@https://registry.npmjs.org/cookie/-/cookie-0.7.2.tgz. Extracting by manifest.
482 silly tarball no local data for express@https://registry.npmjs.org/express/-/express-5.1.0.tgz. Extracting by manifest.
483 silly tarball no local data for mime-types@https://registry.npmjs.org/mime-types/-/mime-types-3.0.1.tgz. Extracting by manifest.
484 http fetch GET 200 https://registry.npmjs.org/ipaddr.js/-/ipaddr.js-1.9.1.tgz 82ms (cache miss)
485 http fetch GET 200 https://registry.npmjs.org/wrappy/-/wrappy-1.0.2.tgz 81ms (cache miss)
486 http fetch GET 200 https://registry.npmjs.org/media-typer/-/media-typer-1.1.0.tgz 81ms (cache miss)
487 http fetch GET 200 https://registry.npmjs.org/ee-first/-/ee-first-1.1.1.tgz 81ms (cache miss)
488 http fetch GET 200 https://registry.npmjs.org/safer-buffer/-/safer-buffer-2.1.2.tgz 81ms (cache miss)
489 http fetch GET 200 https://registry.npmjs.org/path-to-regexp/-/path-to-regexp-8.3.0.tgz 83ms (cache miss)
490 http fetch GET 200 https://registry.npmjs.org/type-is/-/type-is-2.0.1.tgz 122ms (cache miss)
491 http fetch GET 200 https://registry.npmjs.org/send/-/send-1.2.0.tgz 122ms (cache miss)
492 http fetch GET 200 https://registry.npmjs.org/negotiator/-/negotiator-1.0.0.tgz 122ms (cache miss)
493 http fetch GET 200 https://registry.npmjs.org/raw-body/-/raw-body-3.0.1.tgz 122ms (cache miss)
494 http fetch GET 200 https://registry.npmjs.org/depd/-/depd-2.0.0.tgz 122ms (cache miss)
495 http fetch GET 200 https://registry.npmjs.org/range-parser/-/range-parser-1.2.1.tgz 136ms (cache miss)
496 http fetch GET 200 https://registry.npmjs.org/statuses/-/statuses-2.0.2.tgz 163ms (cache miss)
497 http fetch GET 200 https://registry.npmjs.org/forwarded/-/forwarded-0.2.0.tgz 164ms (cache miss)
498 http fetch GET 200 https://registry.npmjs.org/setprototypeof/-/setprototypeof-1.2.0.tgz 166ms (cache miss)
499 http fetch GET 200 https://registry.npmjs.org/toidentifier/-/toidentifier-1.0.1.tgz 172ms (cache miss)
500 http fetch GET 200 https://registry.npmjs.org/bytes/-/bytes-3.1.2.tgz 175ms (cache miss)
501 http fetch GET 200 https://registry.npmjs.org/once/-/once-1.4.0.tgz 176ms (cache miss)
502 http fetch GET 200 https://registry.npmjs.org/qs/-/qs-6.14.0.tgz 176ms (cache miss)
503 http fetch GET 200 https://registry.npmjs.org/serve-static/-/serve-static-2.2.0.tgz 181ms (cache miss)
504 http fetch GET 200 https://registry.npmjs.org/iconv-lite/-/iconv-lite-0.6.3.tgz 187ms (cache miss)
505 http fetch GET 200 https://registry.npmjs.org/is-promise/-/is-promise-4.0.0.tgz 189ms (cache miss)
506 http fetch GET 200 https://registry.npmjs.org/proxy-addr/-/proxy-addr-2.0.7.tgz 194ms (cache miss)
507 http fetch GET 200 https://registry.npmjs.org/unpipe/-/unpipe-1.0.0.tgz 218ms (cache miss)
508 http fetch GET 200 https://registry.npmjs.org/inherits/-/inherits-2.0.4.tgz 219ms (cache miss)
509 http fetch GET 200 https://registry.npmjs.org/finalhandler/-/finalhandler-2.1.0.tgz 217ms (cache miss)
510 http fetch GET 200 https://registry.npmjs.org/parseurl/-/parseurl-1.3.3.tgz 217ms (cache miss)
511 http fetch GET 200 https://registry.npmjs.org/on-finished/-/on-finished-2.4.1.tgz 217ms (cache miss)
512 http fetch GET 200 https://registry.npmjs.org/safe-buffer/-/safe-buffer-5.2.1.tgz 219ms (cache miss)
513 http fetch GET 200 https://registry.npmjs.org/router/-/router-2.2.0.tgz 218ms (cache miss)
514 http fetch GET 200 https://registry.npmjs.org/etag/-/etag-1.8.1.tgz 231ms (cache miss)
515 http fetch GET 200 https://registry.npmjs.org/merge-descriptors/-/merge-descriptors-2.0.0.tgz 231ms (cache miss)
516 http fetch GET 200 https://registry.npmjs.org/encodeurl/-/encodeurl-2.0.0.tgz 231ms (cache miss)
517 http fetch GET 200 https://registry.npmjs.org/content-disposition/-/content-disposition-1.0.0.tgz 231ms (cache miss)
518 http fetch GET 200 https://registry.npmjs.org/content-type/-/content-type-1.0.5.tgz 235ms (cache miss)
519 http fetch GET 200 https://registry.npmjs.org/cookie-signature/-/cookie-signature-1.2.2.tgz 234ms (cache miss)
520 http fetch GET 200 https://registry.npmjs.org/escape-html/-/escape-html-1.0.3.tgz 245ms (cache miss)
521 http fetch GET 200 https://registry.npmjs.org/accepts/-/accepts-2.0.0.tgz 252ms (cache miss)
522 http fetch GET 200 https://registry.npmjs.org/cors/-/cors-2.8.5.tgz 268ms (cache miss)
523 http fetch GET 200 https://registry.npmjs.org/http-errors/-/http-errors-2.0.0.tgz 269ms (cache miss)
524 http fetch GET 200 https://registry.npmjs.org/vary/-/vary-1.1.2.tgz 269ms (cache miss)
525 http fetch GET 200 https://registry.npmjs.org/body-parser/-/body-parser-2.2.0.tgz 270ms (cache miss)
526 http fetch GET 200 https://registry.npmjs.org/mime-db/-/mime-db-1.54.0.tgz 271ms (cache miss)
527 http fetch GET 200 https://registry.npmjs.org/mime-types/-/mime-types-3.0.1.tgz 279ms (cache miss)
528 http fetch GET 200 https://registry.npmjs.org/fresh/-/fresh-2.0.0.tgz 279ms (cache miss)
529 http fetch GET 200 https://registry.npmjs.org/mime-types/-/mime-types-3.0.1.tgz 279ms (cache miss)
530 http fetch GET 200 https://registry.npmjs.org/mime-types/-/mime-types-3.0.1.tgz 279ms (cache miss)
531 http fetch GET 200 https://registry.npmjs.org/mime-db/-/mime-db-1.54.0.tgz 281ms (cache miss)
532 http fetch GET 200 https://registry.npmjs.org/mime-db/-/mime-db-1.54.0.tgz 281ms (cache miss)
533 http fetch GET 200 https://registry.npmjs.org/mime-db/-/mime-db-1.54.0.tgz 293ms (cache miss)
534 http fetch POST 200 https://registry.npmjs.org/-/npm/v1/security/advisories/bulk 331ms
535 silly audit report {}
536 http fetch GET 200 https://registry.npmjs.org/statuses/-/statuses-2.0.1.tgz 317ms (cache miss)
537 http fetch GET 200 https://registry.npmjs.org/cookie/-/cookie-0.7.2.tgz 313ms (cache miss)
538 http fetch GET 200 https://registry.npmjs.org/mime-types/-/mime-types-3.0.1.tgz 312ms (cache miss)
539 http fetch GET 200 https://registry.npmjs.org/express/-/express-5.1.0.tgz 313ms (cache miss)
540 http fetch GET 200 https://registry.npmjs.org/iconv-lite/-/iconv-lite-0.7.0.tgz 368ms (cache miss)
541 silly ADD node_modules/media-typer
542 silly ADD node_modules/path-to-regexp
543 silly ADD node_modules/is-promise
544 silly ADD node_modules/unpipe
545 silly ADD node_modules/ipaddr.js
546 silly ADD node_modules/forwarded
547 silly ADD node_modules/wrappy
548 silly ADD node_modules/ee-first
549 silly ADD node_modules/safer-buffer
550 silly ADD node_modules/toidentifier
551 silly ADD node_modules/setprototypeof
552 silly ADD node_modules/inherits
553 silly ADD node_modules/depd
554 silly ADD node_modules/safe-buffer
555 silly ADD node_modules/raw-body
556 silly ADD node_modules/raw-body/node_modules/iconv-lite
557 silly ADD node_modules/iconv-lite
558 silly ADD node_modules/bytes
559 silly ADD node_modules/negotiator
560 silly ADD node_modules/type-is
561 silly ADD node_modules/type-is/node_modules/mime-db
562 silly ADD node_modules/type-is/node_modules/mime-types
563 silly ADD node_modules/statuses
564 silly ADD node_modules/serve-static
565 silly ADD node_modules/send
566 silly ADD node_modules/send/node_modules/mime-db
567 silly ADD node_modules/send/node_modules/mime-types
568 silly ADD node_modules/router
569 silly ADD node_modules/range-parser
570 silly ADD node_modules/qs
571 silly ADD node_modules/proxy-addr
572 silly ADD node_modules/parseurl
573 silly ADD node_modules/once
574 silly ADD node_modules/on-finished
575 silly ADD node_modules/merge-descriptors
576 silly ADD node_modules/http-errors
577 silly ADD node_modules/http-errors/node_modules/statuses
578 silly ADD node_modules/fresh
579 silly ADD node_modules/finalhandler
580 silly ADD node_modules/etag
581 silly ADD node_modules/escape-html
582 silly ADD node_modules/encodeurl
583 silly ADD node_modules/cookie-signature
584 silly ADD node_modules/content-type
585 silly ADD node_modules/content-disposition
586 silly ADD node_modules/body-parser
587 silly ADD node_modules/accepts
588 silly ADD node_modules/accepts/node_modules/mime-db
589 silly ADD node_modules/accepts/node_modules/mime-types
590 silly ADD node_modules/vary
591 silly ADD node_modules/express
592 silly ADD node_modules/express/node_modules/mime-db
593 silly ADD node_modules/express/node_modules/mime-types
594 silly ADD node_modules/express/node_modules/cookie
595 silly ADD node_modules/cors
596 silly ADD
597 silly ADD
598 silly ADD
599 silly ADD
600 silly ADD
601 silly ADD
602 silly ADD
603 silly ADD
604 silly ADD
605 silly ADD
606 silly ADD
607 silly ADD
608 silly ADD
609 silly ADD
610 silly ADD
611 silly ADD
612 silly ADD
613 silly ADD
614 silly ADD
615 silly ADD
616 silly ADD
617 silly ADD
618 silly ADD
619 silly ADD
620 silly ADD
621 silly ADD
622 silly ADD
623 silly ADD
624 silly ADD
625 silly ADD
626 silly ADD
627 silly ADD
628 silly ADD
629 silly ADD
630 silly ADD
631 silly ADD
632 silly ADD
633 silly ADD
634 silly ADD
635 silly ADD
636 silly ADD
637 silly ADD
638 silly ADD
639 silly ADD
640 silly ADD
641 silly ADD
642 verbose cwd /Users/arpitmishra/Desktop/StockTracker
643 verbose os Darwin 25.0.0
644 verbose node v23.11.0
645 verbose npm  v10.9.2
646 verbose exit 0
647 info ok
