0 verbose cli /opt/homebrew/Cellar/node/23.11.0/bin/node /opt/homebrew/bin/npm
1 info using npm@10.9.2
2 info using node@v23.11.0
3 silly config load:file:/opt/homebrew/lib/node_modules/npm/npmrc
4 silly config load:file:/Users/arpitmishra/Desktop/StockTracker/.npmrc
5 silly config load:file:/Users/arpitmishra/.npmrc
6 silly config load:file:/opt/homebrew/etc/npmrc
7 verbose title npm install dotenv
8 verbose argv "install" "dotenv"
9 verbose logfile logs-max:10 dir:/Users/arpitmishra/Desktop/StockTracker/.npm-cache/_logs/2025-11-14T07_34_50_353Z-
10 verbose logfile /Users/arpitmishra/Desktop/StockTracker/.npm-cache/_logs/2025-11-14T07_34_50_353Z-debug-0.log
11 silly logfile done cleaning log files
12 silly packumentCache heap:2197815296 maxSize:549453824 maxEntrySize:274726912
13 silly idealTree buildDeps
14 silly fetch manifest dotenv@*
15 silly packumentCache full:https://registry.npmjs.org/dotenv cache-miss
16 http fetch GET 200 https://registry.npmjs.org/dotenv 162ms (cache miss)
17 silly packumentCache full:https://registry.npmjs.org/dotenv set size:undefined disposed:false
18 silly placeDep ROOT dotenv@17.2.3 OK for: stocktracker@1.0.0 want: *
19 silly reify moves {}
20 silly audit bulk request {
20 silly audit   '@babel/code-frame': [ '7.27.1' ],
20 silly audit   '@babel/compat-data': [ '7.28.5' ],
20 silly audit   '@babel/core': [ '7.28.5' ],
20 silly audit   '@babel/generator': [ '7.28.5' ],
20 silly audit   '@babel/helper-compilation-targets': [ '7.27.2' ],
20 silly audit   '@babel/helper-globals': [ '7.28.0' ],
20 silly audit   '@babel/helper-module-imports': [ '7.27.1' ],
20 silly audit   '@babel/helper-module-transforms': [ '7.28.3' ],
20 silly audit   '@babel/helper-plugin-utils': [ '7.27.1' ],
20 silly audit   '@babel/helper-string-parser': [ '7.27.1' ],
20 silly audit   '@babel/helper-validator-identifier': [ '7.28.5' ],
20 silly audit   '@babel/helper-validator-option': [ '7.27.1' ],
20 silly audit   '@babel/helpers': [ '7.28.4' ],
20 silly audit   '@babel/parser': [ '7.28.5' ],
20 silly audit   '@babel/plugin-transform-react-jsx-self': [ '7.27.1' ],
20 silly audit   '@babel/plugin-transform-react-jsx-source': [ '7.27.1' ],
20 silly audit   '@babel/template': [ '7.27.2' ],
20 silly audit   '@babel/traverse': [ '7.28.5' ],
20 silly audit   '@babel/types': [ '7.28.5' ],
20 silly audit   '@esbuild/aix-ppc64': [ '0.25.12' ],
20 silly audit   '@esbuild/android-arm': [ '0.25.12' ],
20 silly audit   '@esbuild/android-arm64': [ '0.25.12' ],
20 silly audit   '@esbuild/android-x64': [ '0.25.12' ],
20 silly audit   '@esbuild/darwin-arm64': [ '0.25.12' ],
20 silly audit   '@esbuild/darwin-x64': [ '0.25.12' ],
20 silly audit   '@esbuild/freebsd-arm64': [ '0.25.12' ],
20 silly audit   '@esbuild/freebsd-x64': [ '0.25.12' ],
20 silly audit   '@esbuild/linux-arm': [ '0.25.12' ],
20 silly audit   '@esbuild/linux-arm64': [ '0.25.12' ],
20 silly audit   '@esbuild/linux-ia32': [ '0.25.12' ],
20 silly audit   '@esbuild/linux-loong64': [ '0.25.12' ],
20 silly audit   '@esbuild/linux-mips64el': [ '0.25.12' ],
20 silly audit   '@esbuild/linux-ppc64': [ '0.25.12' ],
20 silly audit   '@esbuild/linux-riscv64': [ '0.25.12' ],
20 silly audit   '@esbuild/linux-s390x': [ '0.25.12' ],
20 silly audit   '@esbuild/linux-x64': [ '0.25.12' ],
20 silly audit   '@esbuild/netbsd-arm64': [ '0.25.12' ],
20 silly audit   '@esbuild/netbsd-x64': [ '0.25.12' ],
20 silly audit   '@esbuild/openbsd-arm64': [ '0.25.12' ],
20 silly audit   '@esbuild/openbsd-x64': [ '0.25.12' ],
20 silly audit   '@esbuild/openharmony-arm64': [ '0.25.12' ],
20 silly audit   '@esbuild/sunos-x64': [ '0.25.12' ],
20 silly audit   '@esbuild/win32-arm64': [ '0.25.12' ],
20 silly audit   '@esbuild/win32-ia32': [ '0.25.12' ],
20 silly audit   '@esbuild/win32-x64': [ '0.25.12' ],
20 silly audit   '@eslint-community/eslint-utils': [ '4.9.0' ],
20 silly audit   'eslint-visitor-keys': [ '3.4.3', '4.2.1' ],
20 silly audit   '@eslint-community/regexpp': [ '4.12.2' ],
20 silly audit   '@eslint/config-array': [ '0.21.1' ],
20 silly audit   '@eslint/config-helpers': [ '0.4.2' ],
20 silly audit   '@eslint/core': [ '0.17.0' ],
20 silly audit   '@eslint/eslintrc': [ '3.3.1' ],
20 silly audit   globals: [ '14.0.0', '16.5.0' ],
20 silly audit   '@eslint/js': [ '9.39.1' ],
20 silly audit   '@eslint/object-schema': [ '2.1.7' ],
20 silly audit   '@eslint/plugin-kit': [ '0.4.1' ],
20 silly audit   '@humanfs/core': [ '0.19.1' ],
20 silly audit   '@humanfs/node': [ '0.16.7' ],
20 silly audit   '@humanwhocodes/module-importer': [ '1.0.1' ],
20 silly audit   '@humanwhocodes/retry': [ '0.4.3' ],
20 silly audit   '@jridgewell/gen-mapping': [ '0.3.13' ],
20 silly audit   '@jridgewell/remapping': [ '2.3.5' ],
20 silly audit   '@jridgewell/resolve-uri': [ '3.1.2' ],
20 silly audit   '@jridgewell/sourcemap-codec': [ '1.5.5' ],
20 silly audit   '@jridgewell/trace-mapping': [ '0.3.31' ],
20 silly audit   '@reduxjs/toolkit': [ '2.10.1' ],
20 silly audit   '@rolldown/pluginutils': [ '1.0.0-beta.47' ],
20 silly audit   '@rollup/rollup-android-arm-eabi': [ '4.53.2' ],
20 silly audit   '@rollup/rollup-android-arm64': [ '4.53.2' ],
20 silly audit   '@rollup/rollup-darwin-arm64': [ '4.53.2' ],
20 silly audit   '@rollup/rollup-darwin-x64': [ '4.53.2' ],
20 silly audit   '@rollup/rollup-freebsd-arm64': [ '4.53.2' ],
20 silly audit   '@rollup/rollup-freebsd-x64': [ '4.53.2' ],
20 silly audit   '@rollup/rollup-linux-arm-gnueabihf': [ '4.53.2' ],
20 silly audit   '@rollup/rollup-linux-arm-musleabihf': [ '4.53.2' ],
20 silly audit   '@rollup/rollup-linux-arm64-gnu': [ '4.53.2' ],
20 silly audit   '@rollup/rollup-linux-arm64-musl': [ '4.53.2' ],
20 silly audit   '@rollup/rollup-linux-loong64-gnu': [ '4.53.2' ],
20 silly audit   '@rollup/rollup-linux-ppc64-gnu': [ '4.53.2' ],
20 silly audit   '@rollup/rollup-linux-riscv64-gnu': [ '4.53.2' ],
20 silly audit   '@rollup/rollup-linux-riscv64-musl': [ '4.53.2' ],
20 silly audit   '@rollup/rollup-linux-s390x-gnu': [ '4.53.2' ],
20 silly audit   '@rollup/rollup-linux-x64-gnu': [ '4.53.2' ],
20 silly audit   '@rollup/rollup-linux-x64-musl': [ '4.53.2' ],
20 silly audit   '@rollup/rollup-openharmony-arm64': [ '4.53.2' ],
20 silly audit   '@rollup/rollup-win32-arm64-msvc': [ '4.53.2' ],
20 silly audit   '@rollup/rollup-win32-ia32-msvc': [ '4.53.2' ],
20 silly audit   '@rollup/rollup-win32-x64-gnu': [ '4.53.2' ],
20 silly audit   '@rollup/rollup-win32-x64-msvc': [ '4.53.2' ],
20 silly audit   '@standard-schema/spec': [ '1.0.0' ],
20 silly audit   '@standard-schema/utils': [ '0.3.0' ],
20 silly audit   '@types/babel__core': [ '7.20.5' ],
20 silly audit   '@types/babel__generator': [ '7.27.0' ],
20 silly audit   '@types/babel__template': [ '7.4.4' ],
20 silly audit   '@types/babel__traverse': [ '7.28.0' ],
20 silly audit   '@types/d3-array': [ '3.2.2' ],
20 silly audit   '@types/d3-color': [ '3.1.3' ],
20 silly audit   '@types/d3-ease': [ '3.0.2' ],
20 silly audit   '@types/d3-interpolate': [ '3.0.4' ],
20 silly audit   '@types/d3-path': [ '3.1.1' ],
20 silly audit   '@types/d3-scale': [ '4.0.9' ],
20 silly audit   '@types/d3-shape': [ '3.1.7' ],
20 silly audit   '@types/d3-time': [ '3.0.4' ],
20 silly audit   '@types/d3-timer': [ '3.0.2' ],
20 silly audit   '@types/estree': [ '1.0.8' ],
20 silly audit   '@types/json-schema': [ '7.0.15' ],
20 silly audit   '@types/use-sync-external-store': [ '0.0.6' ],
20 silly audit   '@vitejs/plugin-react': [ '5.1.1' ],
20 silly audit   accepts: [ '2.0.0' ],
20 silly audit   'mime-db': [ '1.54.0', '1.52.0' ],
20 silly audit   'mime-types': [ '3.0.1', '2.1.35' ],
20 silly audit   acorn: [ '8.15.0' ],
20 silly audit   'acorn-jsx': [ '5.3.2' ],
20 silly audit   ajv: [ '6.12.6' ],
20 silly audit   'ansi-styles': [ '4.3.0' ],
20 silly audit   argparse: [ '2.0.1' ],
20 silly audit   'array-buffer-byte-length': [ '1.0.2' ],
20 silly audit   'array-includes': [ '3.1.9' ],
20 silly audit   'array.prototype.findlast': [ '1.2.5' ],
20 silly audit   'array.prototype.flat': [ '1.3.3' ],
20 silly audit   'array.prototype.flatmap': [ '1.3.3' ],
20 silly audit   'array.prototype.tosorted': [ '1.1.4' ],
20 silly audit   'arraybuffer.prototype.slice': [ '1.0.4' ],
20 silly audit   'async-function': [ '1.0.0' ],
20 silly audit   asynckit: [ '0.4.0' ],
20 silly audit   'available-typed-arrays': [ '1.0.7' ],
20 silly audit   axios: [ '1.13.2' ],
20 silly audit   'balanced-match': [ '1.0.2' ],
20 silly audit   'baseline-browser-mapping': [ '2.8.28' ],
20 silly audit   'body-parser': [ '2.2.0' ],
20 silly audit   'brace-expansion': [ '1.1.12' ],
20 silly audit   browserslist: [ '4.28.0' ],
20 silly audit   bytes: [ '3.1.2' ],
20 silly audit   'call-bind': [ '1.0.8' ],
20 silly audit   'call-bind-apply-helpers': [ '1.0.2' ],
20 silly audit   'call-bound': [ '1.0.4' ],
20 silly audit   callsites: [ '3.1.0' ],
20 silly audit   'caniuse-lite': [ '1.0.30001754' ],
20 silly audit   chalk: [ '4.1.2' ],
20 silly audit   clsx: [ '2.1.1' ],
20 silly audit   'color-convert': [ '2.0.1' ],
20 silly audit   'color-name': [ '1.1.4' ],
20 silly audit   'combined-stream': [ '1.0.8' ],
20 silly audit   'concat-map': [ '0.0.1' ],
20 silly audit   'content-disposition': [ '1.0.0' ],
20 silly audit   'content-type': [ '1.0.5' ],
20 silly audit   'convert-source-map': [ '2.0.0' ],
20 silly audit   cookie: [ '1.0.2', '0.7.2' ],
20 silly audit   'cookie-signature': [ '1.2.2' ],
20 silly audit   cors: [ '2.8.5' ],
20 silly audit   'cross-spawn': [ '7.0.6' ],
20 silly audit   'd3-array': [ '3.2.4' ],
20 silly audit   'd3-color': [ '3.1.0' ],
20 silly audit   'd3-ease': [ '3.0.1' ],
20 silly audit   'd3-format': [ '3.1.0' ],
20 silly audit   'd3-interpolate': [ '3.0.1' ],
20 silly audit   'd3-path': [ '3.1.0' ],
20 silly audit   'd3-scale': [ '4.0.2' ],
20 silly audit   'd3-shape': [ '3.2.0' ],
20 silly audit   'd3-time': [ '3.1.0' ],
20 silly audit   'd3-time-format': [ '4.1.0' ],
20 silly audit   'd3-timer': [ '3.0.1' ],
20 silly audit   'data-view-buffer': [ '1.0.2' ],
20 silly audit   'data-view-byte-length': [ '1.0.2' ],
20 silly audit   'data-view-byte-offset': [ '1.0.1' ],
20 silly audit   debug: [ '4.4.3' ],
20 silly audit   'decimal.js-light': [ '2.5.1' ],
20 silly audit   'deep-is': [ '0.1.4' ],
20 silly audit   'define-data-property': [ '1.1.4' ],
20 silly audit   'define-properties': [ '1.2.1' ],
20 silly audit   'delayed-stream': [ '1.0.0' ],
20 silly audit   depd: [ '2.0.0' ],
20 silly audit   doctrine: [ '2.1.0' ],
20 silly audit   'dunder-proto': [ '1.0.1' ],
20 silly audit   'ee-first': [ '1.1.1' ],
20 silly audit   'electron-to-chromium': [ '1.5.252' ],
20 silly audit   encodeurl: [ '2.0.0' ],
20 silly audit   'es-abstract': [ '1.24.0' ],
20 silly audit   'es-define-property': [ '1.0.1' ],
20 silly audit   'es-errors': [ '1.3.0' ],
20 silly audit   'es-iterator-helpers': [ '1.2.1' ],
20 silly audit   'es-object-atoms': [ '1.1.1' ],
20 silly audit   'es-set-tostringtag': [ '2.1.0' ],
20 silly audit   'es-shim-unscopables': [ '1.1.0' ],
20 silly audit   'es-to-primitive': [ '1.3.0' ],
20 silly audit   'es-toolkit': [ '1.41.0' ],
20 silly audit   esbuild: [ '0.25.12' ],
20 silly audit   escalade: [ '3.2.0' ],
20 silly audit   'escape-html': [ '1.0.3' ],
20 silly audit   'escape-string-regexp': [ '4.0.0' ],
20 silly audit   eslint: [ '9.39.1' ],
20 silly audit   'eslint-plugin-react': [ '7.37.5' ],
20 silly audit   'eslint-scope': [ '8.4.0' ],
20 silly audit   espree: [ '10.4.0' ],
20 silly audit   esquery: [ '1.6.0' ],
20 silly audit   esrecurse: [ '4.3.0' ],
20 silly audit   estraverse: [ '5.3.0' ],
20 silly audit   esutils: [ '2.0.3' ],
20 silly audit   etag: [ '1.8.1' ],
20 silly audit   eventemitter3: [ '5.0.1' ],
20 silly audit   express: [ '5.1.0' ],
20 silly audit   'fast-deep-equal': [ '3.1.3' ],
20 silly audit   'fast-json-stable-stringify': [ '2.1.0' ],
20 silly audit   'fast-levenshtein': [ '2.0.6' ],
20 silly audit   fdir: [ '6.5.0' ],
20 silly audit   'file-entry-cache': [ '8.0.0' ],
20 silly audit   finalhandler: [ '2.1.0' ],
20 silly audit   'find-up': [ '5.0.0' ],
20 silly audit   'flat-cache': [ '4.0.1' ],
20 silly audit   flatted: [ '3.3.3' ],
20 silly audit   'follow-redirects': [ '1.15.11' ],
20 silly audit   'for-each': [ '0.3.5' ],
20 silly audit   'form-data': [ '4.0.4' ],
20 silly audit   forwarded: [ '0.2.0' ],
20 silly audit   fresh: [ '2.0.0' ],
20 silly audit   fsevents: [ '2.3.3' ],
20 silly audit   'function-bind': [ '1.1.2' ],
20 silly audit   'function.prototype.name': [ '1.1.8' ],
20 silly audit   'functions-have-names': [ '1.2.3' ],
20 silly audit   'generator-function': [ '2.0.1' ],
20 silly audit   gensync: [ '1.0.0-beta.2' ],
20 silly audit   'get-intrinsic': [ '1.3.0' ],
20 silly audit   'get-proto': [ '1.0.1' ],
20 silly audit   'get-symbol-description': [ '1.1.0' ],
20 silly audit   'glob-parent': [ '6.0.2' ],
20 silly audit   globalthis: [ '1.0.4' ],
20 silly audit   gopd: [ '1.2.0' ],
20 silly audit   'has-bigints': [ '1.1.0' ],
20 silly audit   'has-flag': [ '4.0.0' ],
20 silly audit   'has-property-descriptors': [ '1.0.2' ],
20 silly audit   'has-proto': [ '1.2.0' ],
20 silly audit   'has-symbols': [ '1.1.0' ],
20 silly audit   'has-tostringtag': [ '1.0.2' ],
20 silly audit   hasown: [ '2.0.2' ],
20 silly audit   'http-errors': [ '2.0.0' ],
20 silly audit   statuses: [ '2.0.1', '2.0.2' ],
20 silly audit   'iconv-lite': [ '0.6.3', '0.7.0' ],
20 silly audit   ignore: [ '5.3.2' ],
20 silly audit   immer: [ '10.2.0' ],
20 silly audit   'import-fresh': [ '3.3.1' ],
20 silly audit   imurmurhash: [ '0.1.4' ],
20 silly audit   inherits: [ '2.0.4' ],
20 silly audit   'internal-slot': [ '1.1.0' ],
20 silly audit   internmap: [ '2.0.3' ],
20 silly audit   'ipaddr.js': [ '1.9.1' ],
20 silly audit   'is-array-buffer': [ '3.0.5' ],
20 silly audit   'is-async-function': [ '2.1.1' ],
20 silly audit   'is-bigint': [ '1.1.0' ],
20 silly audit   'is-boolean-object': [ '1.2.2' ],
20 silly audit   'is-callable': [ '1.2.7' ],
20 silly audit   'is-core-module': [ '2.16.1' ],
20 silly audit   'is-data-view': [ '1.0.2' ],
20 silly audit   'is-date-object': [ '1.1.0' ],
20 silly audit   'is-extglob': [ '2.1.1' ],
20 silly audit   'is-finalizationregistry': [ '1.1.1' ],
20 silly audit   'is-generator-function': [ '1.1.2' ],
20 silly audit   'is-glob': [ '4.0.3' ],
20 silly audit   'is-map': [ '2.0.3' ],
20 silly audit   'is-negative-zero': [ '2.0.3' ],
20 silly audit   'is-number-object': [ '1.1.1' ],
20 silly audit   'is-promise': [ '4.0.0' ],
20 silly audit   'is-regex': [ '1.2.1' ],
20 silly audit   'is-set': [ '2.0.3' ],
20 silly audit   'is-shared-array-buffer': [ '1.0.4' ],
20 silly audit   'is-string': [ '1.1.1' ],
20 silly audit   'is-symbol': [ '1.1.1' ],
20 silly audit   'is-typed-array': [ '1.1.15' ],
20 silly audit   'is-weakmap': [ '2.0.2' ],
20 silly audit   'is-weakref': [ '1.1.1' ],
20 silly audit   'is-weakset': [ '2.0.4' ],
20 silly audit   isarray: [ '2.0.5' ],
20 silly audit   isexe: [ '2.0.0' ],
20 silly audit   'iterator.prototype': [ '1.1.5' ],
20 silly audit   'js-tokens': [ '4.0.0' ],
20 silly audit   'js-yaml': [ '4.1.1' ],
20 silly audit   jsesc: [ '3.1.0' ],
20 silly audit   'json-buffer': [ '3.0.1' ],
20 silly audit   'json-schema-traverse': [ '0.4.1' ],
20 silly audit   'json-stable-stringify-without-jsonify': [ '1.0.1' ],
20 silly audit   json5: [ '2.2.3' ],
20 silly audit   'jsx-ast-utils': [ '3.3.5' ],
20 silly audit   keyv: [ '4.5.4' ],
20 silly audit   levn: [ '0.4.1' ],
20 silly audit   'locate-path': [ '6.0.0' ],
20 silly audit   'lodash.merge': [ '4.6.2' ],
20 silly audit   'loose-envify': [ '1.4.0' ],
20 silly audit   'lru-cache': [ '5.1.1' ],
20 silly audit   'math-intrinsics': [ '1.1.0' ],
20 silly audit   'media-typer': [ '1.1.0' ],
20 silly audit   'merge-descriptors': [ '2.0.0' ],
20 silly audit   minimatch: [ '3.1.2' ],
20 silly audit   ms: [ '2.1.3' ],
20 silly audit   nanoid: [ '3.3.11' ],
20 silly audit   'natural-compare': [ '1.4.0' ],
20 silly audit   negotiator: [ '1.0.0' ],
20 silly audit   'node-releases': [ '2.0.27' ],
20 silly audit   'object-assign': [ '4.1.1' ],
20 silly audit   'object-inspect': [ '1.13.4' ],
20 silly audit   'object-keys': [ '1.1.1' ],
20 silly audit   'object.assign': [ '4.1.7' ],
20 silly audit   'object.entries': [ '1.1.9' ],
20 silly audit   'object.fromentries': [ '2.0.8' ],
20 silly audit   'object.values': [ '1.2.1' ],
20 silly audit   'on-finished': [ '2.4.1' ],
20 silly audit   once: [ '1.4.0' ],
20 silly audit   optionator: [ '0.9.4' ],
20 silly audit   'own-keys': [ '1.0.1' ],
20 silly audit   'p-limit': [ '3.1.0' ],
20 silly audit   'p-locate': [ '5.0.0' ],
20 silly audit   'parent-module': [ '1.0.1' ],
20 silly audit   parseurl: [ '1.3.3' ],
20 silly audit   'path-exists': [ '4.0.0' ],
20 silly audit   'path-key': [ '3.1.1' ],
20 silly audit   'path-parse': [ '1.0.7' ],
20 silly audit   'path-to-regexp': [ '8.3.0' ],
20 silly audit   picocolors: [ '1.1.1' ],
20 silly audit   picomatch: [ '4.0.3' ],
20 silly audit   'possible-typed-array-names': [ '1.1.0' ],
20 silly audit   postcss: [ '8.5.6' ],
20 silly audit   'prelude-ls': [ '1.2.1' ],
20 silly audit   'prop-types': [ '15.8.1' ],
20 silly audit   'react-is': [ '16.13.1', '19.2.0' ],
20 silly audit   'proxy-addr': [ '2.0.7' ],
20 silly audit   'proxy-from-env': [ '1.1.0' ],
20 silly audit   punycode: [ '2.3.1' ],
20 silly audit   qs: [ '6.14.0' ],
20 silly audit   'range-parser': [ '1.2.1' ],
20 silly audit   'raw-body': [ '3.0.1' ],
20 silly audit   react: [ '19.2.0' ],
20 silly audit   'react-dom': [ '19.2.0' ],
20 silly audit   'react-redux': [ '9.2.0' ],
20 silly audit   'react-refresh': [ '0.18.0' ],
20 silly audit   'react-router': [ '7.9.6' ],
20 silly audit   'react-router-dom': [ '7.9.6' ],
20 silly audit   recharts: [ '3.4.1' ],
20 silly audit   redux: [ '5.0.1' ],
20 silly audit   'redux-thunk': [ '3.1.0' ],
20 silly audit   'reflect.getprototypeof': [ '1.0.10' ],
20 silly audit   'regexp.prototype.flags': [ '1.5.4' ],
20 silly audit   reselect: [ '5.1.1' ],
20 silly audit   resolve: [ '2.0.0-next.5' ],
20 silly audit   'resolve-from': [ '4.0.0' ],
20 silly audit   rollup: [ '4.53.2' ],
20 silly audit   router: [ '2.2.0' ],
20 silly audit   'safe-array-concat': [ '1.1.3' ],
20 silly audit   'safe-buffer': [ '5.2.1' ],
20 silly audit   'safe-push-apply': [ '1.0.0' ],
20 silly audit   'safe-regex-test': [ '1.1.0' ],
20 silly audit   'safer-buffer': [ '2.1.2' ],
20 silly audit   scheduler: [ '0.27.0' ],
20 silly audit   semver: [ '6.3.1' ],
20 silly audit   send: [ '1.2.0' ],
20 silly audit   'serve-static': [ '2.2.0' ],
20 silly audit   'set-cookie-parser': [ '2.7.2' ],
20 silly audit   'set-function-length': [ '1.2.2' ],
20 silly audit   'set-function-name': [ '2.0.2' ],
20 silly audit   'set-proto': [ '1.0.0' ],
20 silly audit   setprototypeof: [ '1.2.0' ],
20 silly audit   'shebang-command': [ '2.0.0' ],
20 silly audit   'shebang-regex': [ '3.0.0' ],
20 silly audit   'side-channel': [ '1.1.0' ],
20 silly audit   'side-channel-list': [ '1.0.0' ],
20 silly audit   'side-channel-map': [ '1.0.1' ],
20 silly audit   'side-channel-weakmap': [ '1.0.2' ],
20 silly audit   'source-map-js': [ '1.2.1' ],
20 silly audit   'stop-iteration-iterator': [ '1.1.0' ],
20 silly audit   'string.prototype.matchall': [ '4.0.12' ],
20 silly audit   'string.prototype.repeat': [ '1.0.0' ],
20 silly audit   'string.prototype.trim': [ '1.2.10' ],
20 silly audit   'string.prototype.trimend': [ '1.0.9' ],
20 silly audit   'string.prototype.trimstart': [ '1.0.8' ],
20 silly audit   'strip-json-comments': [ '3.1.1' ],
20 silly audit   'supports-color': [ '7.2.0' ],
20 silly audit   'supports-preserve-symlinks-flag': [ '1.0.0' ],
20 silly audit   'tiny-invariant': [ '1.3.3' ],
20 silly audit   tinyglobby: [ '0.2.15' ],
20 silly audit   toidentifier: [ '1.0.1' ],
20 silly audit   'type-check': [ '0.4.0' ],
20 silly audit   'type-is': [ '2.0.1' ],
20 silly audit   'typed-array-buffer': [ '1.0.3' ],
20 silly audit   'typed-array-byte-length': [ '1.0.3' ],
20 silly audit   'typed-array-byte-offset': [ '1.0.4' ],
20 silly audit   'typed-array-length': [ '1.0.7' ],
20 silly audit   'unbox-primitive': [ '1.1.0' ],
20 silly audit   unpipe: [ '1.0.0' ],
20 silly audit   'update-browserslist-db': [ '1.1.4' ],
20 silly audit   'uri-js': [ '4.4.1' ],
20 silly audit   'use-sync-external-store': [ '1.6.0' ],
20 silly audit   vary: [ '1.1.2' ],
20 silly audit   'victory-vendor': [ '37.3.6' ],
20 silly audit   vite: [ '7.2.2' ],
20 silly audit   which: [ '2.0.2' ],
20 silly audit   'which-boxed-primitive': [ '1.1.1' ],
20 silly audit   'which-builtin-type': [ '1.2.1' ],
20 silly audit   'which-collection': [ '1.0.2' ],
20 silly audit   'which-typed-array': [ '1.1.19' ],
20 silly audit   'word-wrap': [ '1.2.5' ],
20 silly audit   wrappy: [ '1.0.2' ],
20 silly audit   yallist: [ '3.1.1' ],
20 silly audit   'yocto-queue': [ '0.1.0' ],
20 silly audit   dotenv: [ '17.2.3' ]
20 silly audit }
21 verbose reify failed optional dependency /Users/arpitmishra/Desktop/StockTracker/node_modules/@rollup/rollup-win32-x64-msvc
22 silly reify mark deleted [
22 silly reify   '/Users/arpitmishra/Desktop/StockTracker/node_modules/@rollup/rollup-win32-x64-msvc'
22 silly reify ]
23 verbose reify failed optional dependency /Users/arpitmishra/Desktop/StockTracker/node_modules/@rollup/rollup-win32-x64-gnu
24 silly reify mark deleted [
24 silly reify   '/Users/arpitmishra/Desktop/StockTracker/node_modules/@rollup/rollup-win32-x64-gnu'
24 silly reify ]
25 verbose reify failed optional dependency /Users/arpitmishra/Desktop/StockTracker/node_modules/@rollup/rollup-win32-ia32-msvc
26 silly reify mark deleted [
26 silly reify   '/Users/arpitmishra/Desktop/StockTracker/node_modules/@rollup/rollup-win32-ia32-msvc'
26 silly reify ]
27 verbose reify failed optional dependency /Users/arpitmishra/Desktop/StockTracker/node_modules/@rollup/rollup-win32-arm64-msvc
28 silly reify mark deleted [
28 silly reify   '/Users/arpitmishra/Desktop/StockTracker/node_modules/@rollup/rollup-win32-arm64-msvc'
28 silly reify ]
29 verbose reify failed optional dependency /Users/arpitmishra/Desktop/StockTracker/node_modules/@rollup/rollup-openharmony-arm64
30 silly reify mark deleted [
30 silly reify   '/Users/arpitmishra/Desktop/StockTracker/node_modules/@rollup/rollup-openharmony-arm64'
30 silly reify ]
31 verbose reify failed optional dependency /Users/arpitmishra/Desktop/StockTracker/node_modules/@rollup/rollup-linux-x64-musl
32 silly reify mark deleted [
32 silly reify   '/Users/arpitmishra/Desktop/StockTracker/node_modules/@rollup/rollup-linux-x64-musl'
32 silly reify ]
33 verbose reify failed optional dependency /Users/arpitmishra/Desktop/StockTracker/node_modules/@rollup/rollup-linux-x64-gnu
34 silly reify mark deleted [
34 silly reify   '/Users/arpitmishra/Desktop/StockTracker/node_modules/@rollup/rollup-linux-x64-gnu'
34 silly reify ]
35 verbose reify failed optional dependency /Users/arpitmishra/Desktop/StockTracker/node_modules/@rollup/rollup-linux-s390x-gnu
36 silly reify mark deleted [
36 silly reify   '/Users/arpitmishra/Desktop/StockTracker/node_modules/@rollup/rollup-linux-s390x-gnu'
36 silly reify ]
37 verbose reify failed optional dependency /Users/arpitmishra/Desktop/StockTracker/node_modules/@rollup/rollup-linux-riscv64-musl
38 silly reify mark deleted [
38 silly reify   '/Users/arpitmishra/Desktop/StockTracker/node_modules/@rollup/rollup-linux-riscv64-musl'
38 silly reify ]
39 verbose reify failed optional dependency /Users/arpitmishra/Desktop/StockTracker/node_modules/@rollup/rollup-linux-riscv64-gnu
40 silly reify mark deleted [
40 silly reify   '/Users/arpitmishra/Desktop/StockTracker/node_modules/@rollup/rollup-linux-riscv64-gnu'
40 silly reify ]
41 verbose reify failed optional dependency /Users/arpitmishra/Desktop/StockTracker/node_modules/@rollup/rollup-linux-ppc64-gnu
42 silly reify mark deleted [
42 silly reify   '/Users/arpitmishra/Desktop/StockTracker/node_modules/@rollup/rollup-linux-ppc64-gnu'
42 silly reify ]
43 verbose reify failed optional dependency /Users/arpitmishra/Desktop/StockTracker/node_modules/@rollup/rollup-linux-loong64-gnu
44 silly reify mark deleted [
44 silly reify   '/Users/arpitmishra/Desktop/StockTracker/node_modules/@rollup/rollup-linux-loong64-gnu'
44 silly reify ]
45 verbose reify failed optional dependency /Users/arpitmishra/Desktop/StockTracker/node_modules/@rollup/rollup-linux-arm64-musl
46 silly reify mark deleted [
46 silly reify   '/Users/arpitmishra/Desktop/StockTracker/node_modules/@rollup/rollup-linux-arm64-musl'
46 silly reify ]
47 verbose reify failed optional dependency /Users/arpitmishra/Desktop/StockTracker/node_modules/@rollup/rollup-linux-arm64-gnu
48 silly reify mark deleted [
48 silly reify   '/Users/arpitmishra/Desktop/StockTracker/node_modules/@rollup/rollup-linux-arm64-gnu'
48 silly reify ]
49 verbose reify failed optional dependency /Users/arpitmishra/Desktop/StockTracker/node_modules/@rollup/rollup-linux-arm-musleabihf
50 silly reify mark deleted [
50 silly reify   '/Users/arpitmishra/Desktop/StockTracker/node_modules/@rollup/rollup-linux-arm-musleabihf'
50 silly reify ]
51 verbose reify failed optional dependency /Users/arpitmishra/Desktop/StockTracker/node_modules/@rollup/rollup-linux-arm-gnueabihf
52 silly reify mark deleted [
52 silly reify   '/Users/arpitmishra/Desktop/StockTracker/node_modules/@rollup/rollup-linux-arm-gnueabihf'
52 silly reify ]
53 verbose reify failed optional dependency /Users/arpitmishra/Desktop/StockTracker/node_modules/@rollup/rollup-freebsd-x64
54 silly reify mark deleted [
54 silly reify   '/Users/arpitmishra/Desktop/StockTracker/node_modules/@rollup/rollup-freebsd-x64'
54 silly reify ]
55 verbose reify failed optional dependency /Users/arpitmishra/Desktop/StockTracker/node_modules/@rollup/rollup-freebsd-arm64
56 silly reify mark deleted [
56 silly reify   '/Users/arpitmishra/Desktop/StockTracker/node_modules/@rollup/rollup-freebsd-arm64'
56 silly reify ]
57 verbose reify failed optional dependency /Users/arpitmishra/Desktop/StockTracker/node_modules/@rollup/rollup-darwin-x64
58 silly reify mark deleted [
58 silly reify   '/Users/arpitmishra/Desktop/StockTracker/node_modules/@rollup/rollup-darwin-x64'
58 silly reify ]
59 verbose reify failed optional dependency /Users/arpitmishra/Desktop/StockTracker/node_modules/@rollup/rollup-android-arm64
60 silly reify mark deleted [
60 silly reify   '/Users/arpitmishra/Desktop/StockTracker/node_modules/@rollup/rollup-android-arm64'
60 silly reify ]
61 verbose reify failed optional dependency /Users/arpitmishra/Desktop/StockTracker/node_modules/@rollup/rollup-android-arm-eabi
62 silly reify mark deleted [
62 silly reify   '/Users/arpitmishra/Desktop/StockTracker/node_modules/@rollup/rollup-android-arm-eabi'
62 silly reify ]
63 verbose reify failed optional dependency /Users/arpitmishra/Desktop/StockTracker/node_modules/@esbuild/win32-x64
64 silly reify mark deleted [
64 silly reify   '/Users/arpitmishra/Desktop/StockTracker/node_modules/@esbuild/win32-x64'
64 silly reify ]
65 verbose reify failed optional dependency /Users/arpitmishra/Desktop/StockTracker/node_modules/@esbuild/win32-ia32
66 silly reify mark deleted [
66 silly reify   '/Users/arpitmishra/Desktop/StockTracker/node_modules/@esbuild/win32-ia32'
66 silly reify ]
67 verbose reify failed optional dependency /Users/arpitmishra/Desktop/StockTracker/node_modules/@esbuild/win32-arm64
68 silly reify mark deleted [
68 silly reify   '/Users/arpitmishra/Desktop/StockTracker/node_modules/@esbuild/win32-arm64'
68 silly reify ]
69 verbose reify failed optional dependency /Users/arpitmishra/Desktop/StockTracker/node_modules/@esbuild/sunos-x64
70 silly reify mark deleted [
70 silly reify   '/Users/arpitmishra/Desktop/StockTracker/node_modules/@esbuild/sunos-x64'
70 silly reify ]
71 verbose reify failed optional dependency /Users/arpitmishra/Desktop/StockTracker/node_modules/@esbuild/openharmony-arm64
72 silly reify mark deleted [
72 silly reify   '/Users/arpitmishra/Desktop/StockTracker/node_modules/@esbuild/openharmony-arm64'
72 silly reify ]
73 verbose reify failed optional dependency /Users/arpitmishra/Desktop/StockTracker/node_modules/@esbuild/openbsd-x64
74 silly reify mark deleted [
74 silly reify   '/Users/arpitmishra/Desktop/StockTracker/node_modules/@esbuild/openbsd-x64'
74 silly reify ]
75 verbose reify failed optional dependency /Users/arpitmishra/Desktop/StockTracker/node_modules/@esbuild/openbsd-arm64
76 silly reify mark deleted [
76 silly reify   '/Users/arpitmishra/Desktop/StockTracker/node_modules/@esbuild/openbsd-arm64'
76 silly reify ]
77 verbose reify failed optional dependency /Users/arpitmishra/Desktop/StockTracker/node_modules/@esbuild/netbsd-x64
78 silly reify mark deleted [
78 silly reify   '/Users/arpitmishra/Desktop/StockTracker/node_modules/@esbuild/netbsd-x64'
78 silly reify ]
79 verbose reify failed optional dependency /Users/arpitmishra/Desktop/StockTracker/node_modules/@esbuild/netbsd-arm64
80 silly reify mark deleted [
80 silly reify   '/Users/arpitmishra/Desktop/StockTracker/node_modules/@esbuild/netbsd-arm64'
80 silly reify ]
81 verbose reify failed optional dependency /Users/arpitmishra/Desktop/StockTracker/node_modules/@esbuild/linux-x64
82 silly reify mark deleted [
82 silly reify   '/Users/arpitmishra/Desktop/StockTracker/node_modules/@esbuild/linux-x64'
82 silly reify ]
83 verbose reify failed optional dependency /Users/arpitmishra/Desktop/StockTracker/node_modules/@esbuild/linux-s390x
84 silly reify mark deleted [
84 silly reify   '/Users/arpitmishra/Desktop/StockTracker/node_modules/@esbuild/linux-s390x'
84 silly reify ]
85 verbose reify failed optional dependency /Users/arpitmishra/Desktop/StockTracker/node_modules/@esbuild/linux-riscv64
86 silly reify mark deleted [
86 silly reify   '/Users/arpitmishra/Desktop/StockTracker/node_modules/@esbuild/linux-riscv64'
86 silly reify ]
87 verbose reify failed optional dependency /Users/arpitmishra/Desktop/StockTracker/node_modules/@esbuild/linux-ppc64
88 silly reify mark deleted [
88 silly reify   '/Users/arpitmishra/Desktop/StockTracker/node_modules/@esbuild/linux-ppc64'
88 silly reify ]
89 verbose reify failed optional dependency /Users/arpitmishra/Desktop/StockTracker/node_modules/@esbuild/linux-mips64el
90 silly reify mark deleted [
90 silly reify   '/Users/arpitmishra/Desktop/StockTracker/node_modules/@esbuild/linux-mips64el'
90 silly reify ]
91 verbose reify failed optional dependency /Users/arpitmishra/Desktop/StockTracker/node_modules/@esbuild/linux-loong64
92 silly reify mark deleted [
92 silly reify   '/Users/arpitmishra/Desktop/StockTracker/node_modules/@esbuild/linux-loong64'
92 silly reify ]
93 verbose reify failed optional dependency /Users/arpitmishra/Desktop/StockTracker/node_modules/@esbuild/linux-ia32
94 silly reify mark deleted [
94 silly reify   '/Users/arpitmishra/Desktop/StockTracker/node_modules/@esbuild/linux-ia32'
94 silly reify ]
95 verbose reify failed optional dependency /Users/arpitmishra/Desktop/StockTracker/node_modules/@esbuild/linux-arm64
96 silly reify mark deleted [
96 silly reify   '/Users/arpitmishra/Desktop/StockTracker/node_modules/@esbuild/linux-arm64'
96 silly reify ]
97 verbose reify failed optional dependency /Users/arpitmishra/Desktop/StockTracker/node_modules/@esbuild/linux-arm
98 silly reify mark deleted [
98 silly reify   '/Users/arpitmishra/Desktop/StockTracker/node_modules/@esbuild/linux-arm'
98 silly reify ]
99 verbose reify failed optional dependency /Users/arpitmishra/Desktop/StockTracker/node_modules/@esbuild/freebsd-x64
100 silly reify mark deleted [
100 silly reify   '/Users/arpitmishra/Desktop/StockTracker/node_modules/@esbuild/freebsd-x64'
100 silly reify ]
101 verbose reify failed optional dependency /Users/arpitmishra/Desktop/StockTracker/node_modules/@esbuild/freebsd-arm64
102 silly reify mark deleted [
102 silly reify   '/Users/arpitmishra/Desktop/StockTracker/node_modules/@esbuild/freebsd-arm64'
102 silly reify ]
103 verbose reify failed optional dependency /Users/arpitmishra/Desktop/StockTracker/node_modules/@esbuild/darwin-x64
104 silly reify mark deleted [
104 silly reify   '/Users/arpitmishra/Desktop/StockTracker/node_modules/@esbuild/darwin-x64'
104 silly reify ]
105 verbose reify failed optional dependency /Users/arpitmishra/Desktop/StockTracker/node_modules/@esbuild/android-x64
106 silly reify mark deleted [
106 silly reify   '/Users/arpitmishra/Desktop/StockTracker/node_modules/@esbuild/android-x64'
106 silly reify ]
107 verbose reify failed optional dependency /Users/arpitmishra/Desktop/StockTracker/node_modules/@esbuild/android-arm64
108 silly reify mark deleted [
108 silly reify   '/Users/arpitmishra/Desktop/StockTracker/node_modules/@esbuild/android-arm64'
108 silly reify ]
109 verbose reify failed optional dependency /Users/arpitmishra/Desktop/StockTracker/node_modules/@esbuild/android-arm
110 silly reify mark deleted [
110 silly reify   '/Users/arpitmishra/Desktop/StockTracker/node_modules/@esbuild/android-arm'
110 silly reify ]
111 verbose reify failed optional dependency /Users/arpitmishra/Desktop/StockTracker/node_modules/@esbuild/aix-ppc64
112 silly reify mark deleted [
112 silly reify   '/Users/arpitmishra/Desktop/StockTracker/node_modules/@esbuild/aix-ppc64'
112 silly reify ]
113 http cache dotenv@https://registry.npmjs.org/dotenv/-/dotenv-17.2.3.tgz 1ms (cache hit)
114 silly tarball no local data for dotenv@https://registry.npmjs.org/dotenv/-/dotenv-17.2.3.tgz. Extracting by manifest.
115 http fetch GET 200 https://registry.npmjs.org/dotenv/-/dotenv-17.2.3.tgz 159ms (cache miss)
116 http fetch POST 200 https://registry.npmjs.org/-/npm/v1/security/advisories/bulk 329ms
117 silly audit report {}
118 silly ADD node_modules/dotenv
119 silly ADD
120 silly ADD
121 silly ADD
122 silly ADD
123 silly ADD
124 silly ADD
125 silly ADD
126 silly ADD
127 silly ADD
128 silly ADD
129 silly ADD
130 silly ADD
131 silly ADD
132 silly ADD
133 silly ADD
134 silly ADD
135 silly ADD
136 silly ADD
137 silly ADD
138 silly ADD
139 silly ADD
140 silly ADD
141 silly ADD
142 silly ADD
143 silly ADD
144 silly ADD
145 silly ADD
146 silly ADD
147 silly ADD
148 silly ADD
149 silly ADD
150 silly ADD
151 silly ADD
152 silly ADD
153 silly ADD
154 silly ADD
155 silly ADD
156 silly ADD
157 silly ADD
158 silly ADD
159 silly ADD
160 silly ADD
161 silly ADD
162 silly ADD
163 silly ADD
164 silly ADD
165 verbose cwd /Users/arpitmishra/Desktop/StockTracker
166 verbose os Darwin 25.0.0
167 verbose node v23.11.0
168 verbose npm  v10.9.2
169 verbose exit 0
170 info ok
